
Map of Debug\maceta.sm8 from link file Debug\maceta.lkf - Thu Jun 10 02:14:08 2021


                               --------
                               Segments
                               --------

start 00008080 end 0000808c length    12 segment .const
start 0000808f end 00008901 length  2162 segment .text
start 00004000 end 00004000 length     0 segment .eeprom
start 00000000 end 00000000 length     0 segment .bsct
start 00000000 end 0000002e length    46 segment .ubsct
start 0000002e end 0000002e length     0 segment .bit
start 0000002e end 0000002e length     0 segment .share
start 00000100 end 00000100 length     0 segment .data
start 00000100 end 00000100 length     0 segment .bss
start 00000000 end 00000ddf length  3551 segment .info.
start 00000000 end 00012065 length 73829 segment .debug
start 00008000 end 00008080 length   128 segment .const
start 0000808c end 0000808f length     3 segment .init


                               -------
                               Modules
                               -------

D:\Programas\CosmicC\CXSTM8\Lib\crtsi0.sm8:
start 0000808f end 000080df length    80 section .text
start 00000100 end 00000100 length     0 section .bss
start 00000000 end 00000000 length     0 section .ubsct
start 00000000 end 00000034 length    52 section .info.

Debug\main.o:
start 000080df end 000081dd length   254 section .text
start 00000000 end 00000024 length    36 section .ubsct
start 00000000 end 000005c7 length  1479 section .debug
start 00000034 end 0000009e length   106 section .info.

Debug\clock.o:
start 000081dd end 00008256 length   121 section .text
start 000005c7 end 00000d6e length  1959 section .debug
start 0000009e end 00000109 length   107 section .info.

Debug\gestormodo.o:
start 00008256 end 000082e6 length   144 section .text
start 00000d6e end 00001247 length  1241 section .debug
start 00000109 end 00000179 length   112 section .info.

Debug\gpio.o:
start 000082e6 end 00008340 length    90 section .text
start 00001247 end 00001850 length  1545 section .debug
start 00000179 end 000001e3 length   106 section .info.

Debug\stm8s_adc1.o:
start ******** end ******** length     0 section .text *** removed ***
start 00001850 end 00002e41 length  5617 section .debug
start 000001e3 end 00000253 length   112 section .info.

Debug\stm8s_awu.o:
start ******** end ******** length     0 section .text *** removed ***
start 00002e41 end 00003400 length  1471 section .debug
start 00000253 end 000002c2 length   111 section .info.
start ******** end ******** length     0 section .const *** removed ***

Debug\stm8s_beep.o:
start ******** end ******** length     0 section .text *** removed ***
start 00003400 end 000036db length   731 section .debug
start 000002c2 end 00000332 length   112 section .info.
start ******** end ******** length     0 section .const *** removed ***

Debug\stm8s_clk.o:
start 00008340 end 000086c4 length   900 section .text
start 000036db end 00004d4a length  5743 section .debug
start 00000332 end 000003a1 length   111 section .info.
start 00008080 end 0000808c length    12 section .const

Debug\stm8s_exti.o:
start ******** end ******** length     0 section .text *** removed ***
start 00004d4a end 000051d9 length  1167 section .debug
start 000003a1 end 00000411 length   112 section .info.

Debug\stm8s_flash.o:
start ******** end ******** length     0 section .text *** removed ***
start 000051d9 end 00005fb8 length  3551 section .debug
start 00000411 end 00000482 length   113 section .info.

Debug\stm8s_gpio.o:
start 000086c4 end 00008776 length   178 section .text
start 00005fb8 end 000069c2 length  2570 section .debug
start 00000482 end 000004f2 length   112 section .info.

Debug\stm8s_i2c.o:
start ******** end ******** length     0 section .text *** removed ***
start 000069c2 end 00007f63 length  5537 section .debug
start 000004f2 end 00000561 length   111 section .info.
start ******** end ******** length     0 section .const *** removed ***

Debug\stm8s_itc.o:
start ******** end ******** length     0 section .text *** removed ***
start 00007f63 end 00008566 length  1539 section .debug
start 00000561 end 000005d0 length   111 section .info.
start ******** end ******** length     0 section .const *** removed ***

Debug\stm8s_iwdg.o:
start ******** end ******** length     0 section .text *** removed ***
start 00008566 end 00008908 length   930 section .debug
start 000005d0 end 00000640 length   112 section .info.

Debug\stm8s_rst.o:
start ******** end ******** length     0 section .text *** removed ***
start 00008908 end 00008b37 length   559 section .debug
start 00000640 end 000006af length   111 section .info.

Debug\stm8s_spi.o:
start ******** end ******** length     0 section .text *** removed ***
start 00008b37 end 00009a73 length  3900 section .debug
start 000006af end 0000071e length   111 section .info.

Debug\stm8s_tim1.o:
start ******** end ******** length     0 section .text *** removed ***
start 00009a73 end 0000d9fd length 16266 section .debug
start 0000071e end 0000078e length   112 section .info.

Debug\stm8s_tim2.o:
start ******** end ******** length     0 section .text *** removed ***
start 0000d9fd end 0000fd11 length  8980 section .debug
start 0000078e end 000007fe length   112 section .info.

Debug\stm8s_tim4.o:
start ******** end ******** length     0 section .text *** removed ***
start 0000fd11 end 000108c8 length  2999 section .debug
start 000007fe end 0000086e length   112 section .info.

Debug\stm8s_uart1.o:
start ******** end ******** length     0 section .text *** removed ***
start 000108c8 end 00011cb4 length  5100 section .debug
start 0000086e end 000008df length   113 section .info.
start ******** end ******** length     0 section .const *** removed ***

Debug\stm8s_wwdg.o:
start ******** end ******** length     0 section .text *** removed ***
start 00011cb4 end 00011efa length   582 section .debug
start 000008df end 0000094f length   112 section .info.

(D:\Programas\CosmicC\CXSTM8\Lib\libm0.sm8)cmulx.o:
start ******** end ******** length     0 section .text *** removed ***
start 0000094f end 0000097f length    48 section .info.

(D:\Programas\CosmicC\CXSTM8\Lib\libm0.sm8)imul.o:
start ******** end ******** length     0 section .text *** removed ***
start 0000097f end 000009ae length    47 section .info.

(D:\Programas\CosmicC\CXSTM8\Lib\libm0.sm8)ladd.o:
start ******** end ******** length     0 section .text *** removed ***
start 000009ae end 000009dd length    47 section .info.

(D:\Programas\CosmicC\CXSTM8\Lib\libm0.sm8)lcmp.o:
start ******** end ******** length     0 section .text *** removed ***
start 000009dd end 00000a0c length    47 section .info.

(D:\Programas\CosmicC\CXSTM8\Lib\libm0.sm8)lgadd.o:
start ******** end ******** length     0 section .text *** removed ***
start 00000a0c end 00000a3c length    48 section .info.

(D:\Programas\CosmicC\CXSTM8\Lib\libm0.sm8)llsh.o:
start ******** end ******** length     0 section .text *** removed ***
start 00000a3c end 00000a6b length    47 section .info.

(D:\Programas\CosmicC\CXSTM8\Lib\libm0.sm8)lmul.o:
start ******** end ******** length     0 section .text *** removed ***
start 00000a6b end 00000a9a length    47 section .info.

(D:\Programas\CosmicC\CXSTM8\Lib\libm0.sm8)lreg.o:
start 00000024 end 00000028 length     4 section .ubsct
start 00000a9a end 00000ac9 length    47 section .info.

(D:\Programas\CosmicC\CXSTM8\Lib\libm0.sm8)lsub.o:
start ******** end ******** length     0 section .text *** removed ***
start 00000ac9 end 00000af8 length    47 section .info.

(D:\Programas\CosmicC\CXSTM8\Lib\libm0.sm8)ltor.o:
start 00008776 end 00008788 length    18 section .text
start 00000af8 end 00000b27 length    47 section .info.

(D:\Programas\CosmicC\CXSTM8\Lib\libm0.sm8)ludiv.o:
start 00008788 end 0000879c length    20 section .text
start 00000b27 end 00000b57 length    48 section .info.

(D:\Programas\CosmicC\CXSTM8\Lib\libm0.sm8)ldiv.o:
start 0000879c end 00008887 length   235 section .text
start 00000b57 end 00000b86 length    47 section .info.

(D:\Programas\CosmicC\CXSTM8\Lib\libm0.sm8)lgneg.o:
start 00008887 end 0000889a length    19 section .text
start 00000b86 end 00000bb6 length    48 section .info.

(D:\Programas\CosmicC\CXSTM8\Lib\libm0.sm8)lneg.o:
start 0000889a end 000088af length    21 section .text
start 00000bb6 end 00000be5 length    47 section .info.

(D:\Programas\CosmicC\CXSTM8\Lib\libm0.sm8)rtol.o:
start 000088af end 000088c1 length    18 section .text
start 00000be5 end 00000c14 length    47 section .info.

(D:\Programas\CosmicC\CXSTM8\Lib\libm0.sm8)sdivx.o:
start ******** end ******** length     0 section .text *** removed ***
start 00000c14 end 00000c44 length    48 section .info.

(D:\Programas\CosmicC\CXSTM8\Lib\libm0.sm8)smul.o:
start ******** end ******** length     0 section .text *** removed ***
start 00000c44 end 00000c73 length    47 section .info.

(D:\Programas\CosmicC\CXSTM8\Lib\libm0.sm8)umul.o:
start ******** end ******** length     0 section .text *** removed ***
start 00000c73 end 00000ca2 length    47 section .info.

(D:\Programas\CosmicC\CXSTM8\Lib\libm0.sm8)xreg.o:
start 00000028 end 0000002b length     3 section .ubsct
start 00000ca2 end 00000cd1 length    47 section .info.

(D:\Programas\CosmicC\CXSTM8\Lib\libm0.sm8)xymov.o:
start 000088c1 end 00008900 length    63 section .text
start 00000cd1 end 00000d01 length    48 section .info.

(D:\Programas\CosmicC\CXSTM8\Lib\libm0.sm8)yreg.o:
start 0000002b end 0000002e length     3 section .ubsct
start 00000d01 end 00000d30 length    47 section .info.

Debug\stm8_interrupt_vector.o:
start 00008900 end 00008901 length     1 section .text
start 00011efa end 00012065 length   363 section .debug
start 00000d30 end 00000dab length   123 section .info.
start 00008000 end 00008080 length   128 section .const


                             -----------
                             Stack usage
                             -----------

Debug\clock.o:
_Clock_HSI_Init                      14   (4)
_DisableAllPeripherals                6   (2)
_EnableClockMirror               >   13   (5)

Debug\gestormodo.o:
L3_gm_InicializarPosicionBuffer       2   (2)
_gm_Borrar                            8   (6)
_gm_Init                              6   (4)
_gm_NotificarCambioDummy              2   (2)
_gm_NuevoModo                         2   (2)
_gm_Registrar                        14   (6) *** Recursive *** *** pointer() ***

Debug\gpio.o:
_InputInt_Init                   >    8   (2)
_Input_FL_Init                   >    8   (2)
_Input_Init                      >    8   (2)
_IsActive                        >    7   (2)
_Output10mhz_Init                     8   (2)
_Output2mhz_Init                 >    8   (2)
_Output_0                        >    7   (2)
_Output_1                        >    7   (2)

Debug\main.o:
_main                            >   18   (4) *** Recursive *** *** pointer() ***

Debug\stm8_interrupt_vector.o:
f_NonHandledInterrupt            >    6   (6)

Debug\stm8s_clk.o:
_CLK_AdjustHSICalibrationValue   >    3   (3)
_CLK_CCOCmd                           2   (2)
_CLK_CCOConfig                        3   (3)
_CLK_ClearITPendingBit           >    2   (2)
_CLK_ClockSecuritySystemEnable   >    2   (2)
_CLK_ClockSwitchCmd                   2   (2)
_CLK_ClockSwitchConfig               10   (10)
_CLK_DeInit                           2   (2)
_CLK_FastHaltWakeUpCmd           >    2   (2)
_CLK_GetClockFreq                >   25   (11)
_CLK_GetFlagStatus                    7   (7)
_CLK_GetITStatus                 >    4   (4)
_CLK_GetSYSCLKSource             >    2   (2)
_CLK_HSECmd                           2   (2)
_CLK_HSICmd                           2   (2)
_CLK_HSIPrescalerConfig               3   (3)
_CLK_ITConfig                    >    4   (4)
_CLK_LSICmd                           2   (2)
_CLK_PeripheralClockConfig            4   (4)
_CLK_SWIMConfig                  >    2   (2)
_CLK_SYSCLKConfig                     3   (3)
_CLK_SYSCLKEmergencyClear        >    2   (2)
_CLK_SlowActiveHaltWakeUpCmd     >    2   (2)

Debug\stm8s_gpio.o:
_GPIO_DeInit                          2   (2)
_GPIO_ExternalPullUpConfig       >    6   (6)
_GPIO_Init                            6   (6)
_GPIO_ReadInputData              >    2   (2)
_GPIO_ReadInputPin                    5   (5)
_GPIO_ReadOutputData             >    2   (2)
_GPIO_Write                      >    5   (5)
_GPIO_WriteHigh                       5   (5)
_GPIO_WriteLow                        5   (5)
_GPIO_WriteReverse               >    5   (5)

Stack size: 31


                              ---------
                              Call tree
                              ---------
   1 > _CLK_AdjustHSICalibrationValue: (3)

   2 > _CLK_ClearITPendingBit: (2)

   3 > _CLK_ClockSecuritySystemEnable: (2)

   4 > _CLK_FastHaltWakeUpCmd: (2)

   5 > _CLK_GetClockFreq: (11)

   6 > _CLK_GetITStatus: (4)

   7 > _CLK_GetSYSCLKSource: (2)

   8 > _CLK_ITConfig: (4)

   9 > _CLK_SWIMConfig: (2)

  10 > _CLK_SYSCLKEmergencyClear: (2)

  11 > _CLK_SlowActiveHaltWakeUpCmd: (2)

  12 > _EnableClockMirror: (5)
  13      + _CLK_CCOCmd: (2)
  14      + _CLK_CCOConfig: (3)
  15      + _Output10mhz_Init: (2)
  16      |    + _GPIO_Init: (6)
          | 
       
  17 > _GPIO_ExternalPullUpConfig: (6)

  18 > _GPIO_ReadInputData: (2)

  19 > _GPIO_ReadOutputData: (2)

  20 > _GPIO_Write: (5)

  21 > _GPIO_WriteReverse: (5)

  22 > _InputInt_Init: (2)
  23      + _GPIO_Init --> 16
       
  24 > _Input_FL_Init: (2)
  25      + _GPIO_Init --> 16
       
  26 > _Input_Init: (2)
  27      + _GPIO_Init --> 16
       
  28 > _IsActive: (2)
  29      + _GPIO_ReadInputPin: (5)
       
  30 > _Output2mhz_Init: (2)
  31      + _GPIO_Init --> 16
       
  32 > _Output_0: (2)
  33      + _GPIO_WriteLow: (5)
       
  34 > _Output_1: (2)
  35      + _GPIO_WriteHigh: (5)
       
  36 > __stext: (0)

  37 > _main: (4)
  38      + _Clock_HSI_Init: (4)
  39      |    + _CLK_ClockSwitchCmd: (2)
  40      |    + _CLK_ClockSwitchConfig: (10)
  41      |    + _CLK_DeInit: (2)
  42      |    + _CLK_GetFlagStatus: (7)
  43      |    + _CLK_HSECmd: (2)
  44      |    + _CLK_HSICmd: (2)
  45      |    + _CLK_HSIPrescalerConfig: (3)
  46      |    + _CLK_LSICmd: (2)
  47      |    + _CLK_SYSCLKConfig: (3)
  48      |    + _DisableAllPeripherals: (2)
  49      |    |    + _CLK_PeripheralClockConfig: (4)
          |    | 
          | 
  50      + _GPIO_DeInit: (2)
  51      + (_gm_Borrar) ...
  52      + _gm_Init: (4)
  53      |    + L3_gm_InicializarPosicionBuffer: (2)
          | 
  54      + (_gm_NotificarCambioDummy) ...
  55      + (_gm_NuevoModo) ...
  56      + (_gm_Registrar) ...
       
  57 > f_NonHandledInterrupt: (6)

  58   L3_gm_InicializarPosicionBuffer --> 53

  59   _CLK_CCOCmd --> 13

  60   _CLK_CCOConfig --> 14

  61   _CLK_ClockSwitchCmd --> 39

  62   _CLK_ClockSwitchConfig --> 40

  63   _CLK_DeInit --> 41

  64   _CLK_GetFlagStatus --> 42

  65   _CLK_HSECmd --> 43

  66   _CLK_HSICmd --> 44

  67   _CLK_HSIPrescalerConfig --> 45

  68   _CLK_LSICmd --> 46

  69   _CLK_PeripheralClockConfig --> 49

  70   _CLK_SYSCLKConfig --> 47

  71   _Clock_HSI_Init --> 38

  72   _DisableAllPeripherals --> 48

  73   _GPIO_DeInit --> 50

  74   _GPIO_Init --> 16

  75   _GPIO_ReadInputPin --> 29

  76   _GPIO_WriteHigh --> 35

  77   _GPIO_WriteLow --> 33

  78   _Output10mhz_Init --> 15

  79   _gm_Borrar: (6)
  80      + L3_gm_InicializarPosicionBuffer --> 53
       
  81   _gm_Init --> 52

  82   _gm_NotificarCambioDummy: (2)

  83   _gm_NuevoModo: (2)

  84   _gm_Registrar: (6)
  85      + (_gm_Borrar) --> 79
  86      + (_gm_Init) --> 52
  87      + (_gm_NotificarCambioDummy) --> 82
  88      + (_gm_NuevoModo) --> 83
  89      + (_gm_Registrar) --> 84
       


                               -------
                               Symbols
                               -------

_ADC1_AWDChannelConfig           ********   *** removed from Debug\stm8s_adc1.o ***
_ADC1_ClearFlag                  ********   *** removed from Debug\stm8s_adc1.o ***
_ADC1_ClearITPendingBit          ********   *** removed from Debug\stm8s_adc1.o ***
_ADC1_Cmd                        ********   *** removed from Debug\stm8s_adc1.o ***
_ADC1_ConversionConfig           ********   *** removed from Debug\stm8s_adc1.o ***
_ADC1_DataBufferCmd              ********   *** removed from Debug\stm8s_adc1.o ***
_ADC1_DeInit                     ********   *** removed from Debug\stm8s_adc1.o ***
_ADC1_ExternalTriggerConfig      ********   *** removed from Debug\stm8s_adc1.o ***
_ADC1_GetAWDChannelStatus        ********   *** removed from Debug\stm8s_adc1.o ***
_ADC1_GetBufferValue             ********   *** removed from Debug\stm8s_adc1.o ***
_ADC1_GetConversionValue         ********   *** removed from Debug\stm8s_adc1.o ***
_ADC1_GetFlagStatus              ********   *** removed from Debug\stm8s_adc1.o ***
_ADC1_GetITStatus                ********   *** removed from Debug\stm8s_adc1.o ***
_ADC1_ITConfig                   ********   *** removed from Debug\stm8s_adc1.o ***
_ADC1_Init                       ********   *** removed from Debug\stm8s_adc1.o ***
_ADC1_PrescalerConfig            ********   *** removed from Debug\stm8s_adc1.o ***
_ADC1_ScanModeCmd                ********   *** removed from Debug\stm8s_adc1.o ***
_ADC1_SchmittTriggerConfig       ********   *** removed from Debug\stm8s_adc1.o ***
_ADC1_SetHighThreshold           ********   *** removed from Debug\stm8s_adc1.o ***
_ADC1_SetLowThreshold            ********   *** removed from Debug\stm8s_adc1.o ***
_ADC1_StartConversion            ********   *** removed from Debug\stm8s_adc1.o ***
_APR_Array                       ********   *** removed from Debug\stm8s_awu.o ***
_AWU_Cmd                         ********   *** removed from Debug\stm8s_awu.o ***
_AWU_DeInit                      ********   *** removed from Debug\stm8s_awu.o ***
_AWU_GetFlagStatus               ********   *** removed from Debug\stm8s_awu.o ***
_AWU_IdleModeEnable              ********   *** removed from Debug\stm8s_awu.o ***
_AWU_Init                        ********   *** removed from Debug\stm8s_awu.o ***
_AWU_LSICalibrationConfig        ********   *** removed from Debug\stm8s_awu.o ***
_BEEP_Cmd                        ********   *** removed from Debug\stm8s_beep.o ***
_BEEP_DeInit                     ********   *** removed from Debug\stm8s_beep.o ***
_BEEP_Init                       ********   *** removed from Debug\stm8s_beep.o ***
_BEEP_LSICalibrationConfig       ********   *** removed from Debug\stm8s_beep.o ***
_CLKPrescTable                   00008084   defined in Debug\stm8s_clk.o section .const
_CLK_AdjustHSICalibrationValue   0000861a   defined in Debug\stm8s_clk.o section .text
_CLK_CCOCmd                      000083b0   defined in Debug\stm8s_clk.o section .text
                                            used in Debug\clock.o
_CLK_CCOConfig                   00008513   defined in Debug\stm8s_clk.o section .text
                                            used in Debug\clock.o
_CLK_ClearITPendingBit           000086b5   defined in Debug\stm8s_clk.o section .text
_CLK_ClockSecuritySystemEnable   0000859d   defined in Debug\stm8s_clk.o section .text
_CLK_ClockSwitchCmd              000083be   defined in Debug\stm8s_clk.o section .text
                                            used in Debug\clock.o
_CLK_ClockSwitchConfig           00008446   defined in Debug\stm8s_clk.o section .text
                                            used in Debug\clock.o
_CLK_DeInit                      00008340   defined in Debug\stm8s_clk.o section .text
                                            used in Debug\clock.o
_CLK_FastHaltWakeUpCmd           00008378   defined in Debug\stm8s_clk.o section .text
_CLK_GetClockFreq                000085a6   defined in Debug\stm8s_clk.o section .text
                                            used in Debug\stm8s_uart1.o
_CLK_GetFlagStatus               0000862c   defined in Debug\stm8s_clk.o section .text
                                            used in Debug\clock.o
_CLK_GetITStatus                 00008689   defined in Debug\stm8s_clk.o section .text
_CLK_GetSYSCLKSource             000085a2   defined in Debug\stm8s_clk.o section .text
_CLK_HSECmd                      00008386   defined in Debug\stm8s_clk.o section .text
                                            used in Debug\clock.o
_CLK_HSICmd                      00008394   defined in Debug\stm8s_clk.o section .text
                                            used in Debug\clock.o
_CLK_HSIPrescalerConfig          00008500   defined in Debug\stm8s_clk.o section .text
                                            used in Debug\clock.o
_CLK_ITConfig                    0000852a   defined in Debug\stm8s_clk.o section .text
_CLK_LSICmd                      000083a2   defined in Debug\stm8s_clk.o section .text
                                            used in Debug\clock.o
_CLK_PeripheralClockConfig       000083da   defined in Debug\stm8s_clk.o section .text
                                            used in Debug\clock.o
_CLK_SWIMConfig                  0000858f   defined in Debug\stm8s_clk.o section .text
_CLK_SYSCLKConfig                00008562   defined in Debug\stm8s_clk.o section .text
                                            used in Debug\clock.o
_CLK_SYSCLKEmergencyClear        00008627   defined in Debug\stm8s_clk.o section .text
_CLK_SlowActiveHaltWakeUpCmd     000083cc   defined in Debug\stm8s_clk.o section .text
_Clock_HSI_Init                  000081dd   defined in Debug\clock.o section .text
                                            used in Debug\main.o
_DisableAllPeripherals           00008215   defined in Debug\clock.o section .text
_EXTI_DeInit                     ********   *** removed from Debug\stm8s_exti.o ***
_EXTI_GetExtIntSensitivity       ********   *** removed from Debug\stm8s_exti.o ***
_EXTI_GetTLISensitivity          ********   *** removed from Debug\stm8s_exti.o ***
_EXTI_SetExtIntSensitivity       ********   *** removed from Debug\stm8s_exti.o ***
_EXTI_SetTLISensitivity          ********   *** removed from Debug\stm8s_exti.o ***
_EnableClockMirror               00008244   defined in Debug\clock.o section .text
_FLASH_DeInit                    ********   *** removed from Debug\stm8s_flash.o ***
_FLASH_EraseBlock                ********   *** removed from Debug\stm8s_flash.o ***
_FLASH_EraseByte                 ********   *** removed from Debug\stm8s_flash.o ***
_FLASH_EraseOptionByte           ********   *** removed from Debug\stm8s_flash.o ***
_FLASH_GetBootSize               ********   *** removed from Debug\stm8s_flash.o ***
_FLASH_GetFlagStatus             ********   *** removed from Debug\stm8s_flash.o ***
_FLASH_GetLowPowerMode           ********   *** removed from Debug\stm8s_flash.o ***
_FLASH_GetProgrammingTime        ********   *** removed from Debug\stm8s_flash.o ***
_FLASH_ITConfig                  ********   *** removed from Debug\stm8s_flash.o ***
_FLASH_Lock                      ********   *** removed from Debug\stm8s_flash.o ***
_FLASH_ProgramBlock              ********   *** removed from Debug\stm8s_flash.o ***
_FLASH_ProgramByte               ********   *** removed from Debug\stm8s_flash.o ***
_FLASH_ProgramOptionByte         ********   *** removed from Debug\stm8s_flash.o ***
_FLASH_ProgramWord               ********   *** removed from Debug\stm8s_flash.o ***
_FLASH_ReadByte                  ********   *** removed from Debug\stm8s_flash.o ***
_FLASH_ReadOptionByte            ********   *** removed from Debug\stm8s_flash.o ***
_FLASH_SetLowPowerMode           ********   *** removed from Debug\stm8s_flash.o ***
_FLASH_SetProgrammingTime        ********   *** removed from Debug\stm8s_flash.o ***
_FLASH_Unlock                    ********   *** removed from Debug\stm8s_flash.o ***
_FLASH_WaitForLastOperation      ********   *** removed from Debug\stm8s_flash.o ***
_GPIO_DeInit                     000086c4   defined in Debug\stm8s_gpio.o section .text
                                            used in Debug\main.o
_GPIO_ExternalPullUpConfig       0000875e   defined in Debug\stm8s_gpio.o section .text
_GPIO_Init                       000086cc   defined in Debug\stm8s_gpio.o section .text
                                            used in Debug\gpio.o
_GPIO_ReadInputData              00008754   defined in Debug\stm8s_gpio.o section .text
_GPIO_ReadInputPin               00008757   defined in Debug\stm8s_gpio.o section .text
                                            used in Debug\gpio.o
_GPIO_ReadOutputData             00008752   defined in Debug\stm8s_gpio.o section .text
_GPIO_Write                      00008734   defined in Debug\stm8s_gpio.o section .text
_GPIO_WriteHigh                  0000873c   defined in Debug\stm8s_gpio.o section .text
                                            used in Debug\gpio.o
_GPIO_WriteLow                   00008743   defined in Debug\stm8s_gpio.o section .text
                                            used in Debug\gpio.o
_GPIO_WriteReverse               0000874b   defined in Debug\stm8s_gpio.o section .text
_HSIDivFactor                    00008080   defined in Debug\stm8s_clk.o section .const
_I2C_AcknowledgeConfig           ********   *** removed from Debug\stm8s_i2c.o ***
_I2C_CheckEvent                  ********   *** removed from Debug\stm8s_i2c.o ***
_I2C_ClearFlag                   ********   *** removed from Debug\stm8s_i2c.o ***
_I2C_ClearITPendingBit           ********   *** removed from Debug\stm8s_i2c.o ***
_I2C_Cmd                         ********   *** removed from Debug\stm8s_i2c.o ***
_I2C_DeInit                      ********   *** removed from Debug\stm8s_i2c.o ***
_I2C_FastModeDutyCycleConfig     ********   *** removed from Debug\stm8s_i2c.o ***
_I2C_GeneralCallCmd              ********   *** removed from Debug\stm8s_i2c.o ***
_I2C_GenerateSTART               ********   *** removed from Debug\stm8s_i2c.o ***
_I2C_GenerateSTOP                ********   *** removed from Debug\stm8s_i2c.o ***
_I2C_GetFlagStatus               ********   *** removed from Debug\stm8s_i2c.o ***
_I2C_GetITStatus                 ********   *** removed from Debug\stm8s_i2c.o ***
_I2C_GetLastEvent                ********   *** removed from Debug\stm8s_i2c.o ***
_I2C_ITConfig                    ********   *** removed from Debug\stm8s_i2c.o ***
_I2C_Init                        ********   *** removed from Debug\stm8s_i2c.o ***
_I2C_ReceiveData                 ********   *** removed from Debug\stm8s_i2c.o ***
_I2C_Send7bitAddress             ********   *** removed from Debug\stm8s_i2c.o ***
_I2C_SendData                    ********   *** removed from Debug\stm8s_i2c.o ***
_I2C_SoftwareResetCmd            ********   *** removed from Debug\stm8s_i2c.o ***
_I2C_StretchClockCmd             ********   *** removed from Debug\stm8s_i2c.o ***
_ITC_DeInit                      ********   *** removed from Debug\stm8s_itc.o ***
_ITC_GetCPUCC                    ********   *** removed from Debug\stm8s_itc.o ***
_ITC_GetSoftIntStatus            ********   *** removed from Debug\stm8s_itc.o ***
_ITC_GetSoftwarePriority         ********   *** removed from Debug\stm8s_itc.o ***
_ITC_SetSoftwarePriority         ********   *** removed from Debug\stm8s_itc.o ***
_IWDG_Enable                     ********   *** removed from Debug\stm8s_iwdg.o ***
_IWDG_ReloadCounter              ********   *** removed from Debug\stm8s_iwdg.o ***
_IWDG_SetPrescaler               ********   *** removed from Debug\stm8s_iwdg.o ***
_IWDG_SetReload                  ********   *** removed from Debug\stm8s_iwdg.o ***
_IWDG_WriteAccessCmd             ********   *** removed from Debug\stm8s_iwdg.o ***
_InputInt_Init                   000082fc   defined in Debug\gpio.o section .text
_Input_FL_Init                   000082f1   defined in Debug\gpio.o section .text
_Input_Init                      000082e6   defined in Debug\gpio.o section .text
_IsActive                        0000832f   defined in Debug\gpio.o section .text
_Modo                            0000000c   defined in Debug\main.o section .ubsct
_ModoDatos                       00000014   defined in Debug\main.o section .ubsct
_Output10mhz_Init                00008312   defined in Debug\gpio.o section .text
                                            used in Debug\clock.o
_Output2mhz_Init                 00008307   defined in Debug\gpio.o section .text
_Output_0                        0000831d   defined in Debug\gpio.o section .text
_Output_1                        00008326   defined in Debug\gpio.o section .text
_RST_ClearFlag                   ********   *** removed from Debug\stm8s_rst.o ***
_RST_GetFlagStatus               ********   *** removed from Debug\stm8s_rst.o ***
_SPI_BiDirectionalLineConfig     ********   *** removed from Debug\stm8s_spi.o ***
_SPI_CalculateCRCCmd             ********   *** removed from Debug\stm8s_spi.o ***
_SPI_ClearFlag                   ********   *** removed from Debug\stm8s_spi.o ***
_SPI_ClearITPendingBit           ********   *** removed from Debug\stm8s_spi.o ***
_SPI_Cmd                         ********   *** removed from Debug\stm8s_spi.o ***
_SPI_DeInit                      ********   *** removed from Debug\stm8s_spi.o ***
_SPI_GetCRC                      ********   *** removed from Debug\stm8s_spi.o ***
_SPI_GetCRCPolynomial            ********   *** removed from Debug\stm8s_spi.o ***
_SPI_GetFlagStatus               ********   *** removed from Debug\stm8s_spi.o ***
_SPI_GetITStatus                 ********   *** removed from Debug\stm8s_spi.o ***
_SPI_ITConfig                    ********   *** removed from Debug\stm8s_spi.o ***
_SPI_Init                        ********   *** removed from Debug\stm8s_spi.o ***
_SPI_NSSInternalSoftwareCmd      ********   *** removed from Debug\stm8s_spi.o ***
_SPI_ReceiveData                 ********   *** removed from Debug\stm8s_spi.o ***
_SPI_ResetCRC                    ********   *** removed from Debug\stm8s_spi.o ***
_SPI_SendData                    ********   *** removed from Debug\stm8s_spi.o ***
_SPI_TransmitCRC                 ********   *** removed from Debug\stm8s_spi.o ***
_TBR_Array                       ********   *** removed from Debug\stm8s_awu.o ***
_TIM1_ARRPreloadConfig           ********   *** removed from Debug\stm8s_tim1.o ***
_TIM1_BDTRConfig                 ********   *** removed from Debug\stm8s_tim1.o ***
_TIM1_CCPreloadControl           ********   *** removed from Debug\stm8s_tim1.o ***
_TIM1_CCxCmd                     ********   *** removed from Debug\stm8s_tim1.o ***
_TIM1_CCxNCmd                    ********   *** removed from Debug\stm8s_tim1.o ***
_TIM1_ClearFlag                  ********   *** removed from Debug\stm8s_tim1.o ***
_TIM1_ClearITPendingBit          ********   *** removed from Debug\stm8s_tim1.o ***
_TIM1_Cmd                        ********   *** removed from Debug\stm8s_tim1.o ***
_TIM1_CounterModeConfig          ********   *** removed from Debug\stm8s_tim1.o ***
_TIM1_CtrlPWMOutputs             ********   *** removed from Debug\stm8s_tim1.o ***
_TIM1_DeInit                     ********   *** removed from Debug\stm8s_tim1.o ***
_TIM1_ETRClockMode1Config        ********   *** removed from Debug\stm8s_tim1.o ***
_TIM1_ETRClockMode2Config        ********   *** removed from Debug\stm8s_tim1.o ***
_TIM1_ETRConfig                  ********   *** removed from Debug\stm8s_tim1.o ***
_TIM1_EncoderInterfaceConfig     ********   *** removed from Debug\stm8s_tim1.o ***
_TIM1_ForcedOC1Config            ********   *** removed from Debug\stm8s_tim1.o ***
_TIM1_ForcedOC2Config            ********   *** removed from Debug\stm8s_tim1.o ***
_TIM1_ForcedOC3Config            ********   *** removed from Debug\stm8s_tim1.o ***
_TIM1_ForcedOC4Config            ********   *** removed from Debug\stm8s_tim1.o ***
_TIM1_GenerateEvent              ********   *** removed from Debug\stm8s_tim1.o ***
_TIM1_GetCapture1                ********   *** removed from Debug\stm8s_tim1.o ***
_TIM1_GetCapture2                ********   *** removed from Debug\stm8s_tim1.o ***
_TIM1_GetCapture3                ********   *** removed from Debug\stm8s_tim1.o ***
_TIM1_GetCapture4                ********   *** removed from Debug\stm8s_tim1.o ***
_TIM1_GetCounter                 ********   *** removed from Debug\stm8s_tim1.o ***
_TIM1_GetFlagStatus              ********   *** removed from Debug\stm8s_tim1.o ***
_TIM1_GetITStatus                ********   *** removed from Debug\stm8s_tim1.o ***
_TIM1_GetPrescaler               ********   *** removed from Debug\stm8s_tim1.o ***
_TIM1_ICInit                     ********   *** removed from Debug\stm8s_tim1.o ***
_TIM1_ITConfig                   ********   *** removed from Debug\stm8s_tim1.o ***
_TIM1_InternalClockConfig        ********   *** removed from Debug\stm8s_tim1.o ***
_TIM1_OC1FastConfig              ********   *** removed from Debug\stm8s_tim1.o ***
_TIM1_OC1Init                    ********   *** removed from Debug\stm8s_tim1.o ***
_TIM1_OC1NPolarityConfig         ********   *** removed from Debug\stm8s_tim1.o ***
_TIM1_OC1PolarityConfig          ********   *** removed from Debug\stm8s_tim1.o ***
_TIM1_OC1PreloadConfig           ********   *** removed from Debug\stm8s_tim1.o ***
_TIM1_OC2FastConfig              ********   *** removed from Debug\stm8s_tim1.o ***
_TIM1_OC2Init                    ********   *** removed from Debug\stm8s_tim1.o ***
_TIM1_OC2NPolarityConfig         ********   *** removed from Debug\stm8s_tim1.o ***
_TIM1_OC2PolarityConfig          ********   *** removed from Debug\stm8s_tim1.o ***
_TIM1_OC2PreloadConfig           ********   *** removed from Debug\stm8s_tim1.o ***
_TIM1_OC3FastConfig              ********   *** removed from Debug\stm8s_tim1.o ***
_TIM1_OC3Init                    ********   *** removed from Debug\stm8s_tim1.o ***
_TIM1_OC3NPolarityConfig         ********   *** removed from Debug\stm8s_tim1.o ***
_TIM1_OC3PolarityConfig          ********   *** removed from Debug\stm8s_tim1.o ***
_TIM1_OC3PreloadConfig           ********   *** removed from Debug\stm8s_tim1.o ***
_TIM1_OC4FastConfig              ********   *** removed from Debug\stm8s_tim1.o ***
_TIM1_OC4Init                    ********   *** removed from Debug\stm8s_tim1.o ***
_TIM1_OC4PolarityConfig          ********   *** removed from Debug\stm8s_tim1.o ***
_TIM1_OC4PreloadConfig           ********   *** removed from Debug\stm8s_tim1.o ***
_TIM1_PWMIConfig                 ********   *** removed from Debug\stm8s_tim1.o ***
_TIM1_PrescalerConfig            ********   *** removed from Debug\stm8s_tim1.o ***
_TIM1_SelectCOM                  ********   *** removed from Debug\stm8s_tim1.o ***
_TIM1_SelectHallSensor           ********   *** removed from Debug\stm8s_tim1.o ***
_TIM1_SelectInputTrigger         ********   *** removed from Debug\stm8s_tim1.o ***
_TIM1_SelectMasterSlaveMode      ********   *** removed from Debug\stm8s_tim1.o ***
_TIM1_SelectOCxM                 ********   *** removed from Debug\stm8s_tim1.o ***
_TIM1_SelectOnePulseMode         ********   *** removed from Debug\stm8s_tim1.o ***
_TIM1_SelectOutputTrigger        ********   *** removed from Debug\stm8s_tim1.o ***
_TIM1_SelectSlaveMode            ********   *** removed from Debug\stm8s_tim1.o ***
_TIM1_SetAutoreload              ********   *** removed from Debug\stm8s_tim1.o ***
_TIM1_SetCompare1                ********   *** removed from Debug\stm8s_tim1.o ***
_TIM1_SetCompare2                ********   *** removed from Debug\stm8s_tim1.o ***
_TIM1_SetCompare3                ********   *** removed from Debug\stm8s_tim1.o ***
_TIM1_SetCompare4                ********   *** removed from Debug\stm8s_tim1.o ***
_TIM1_SetCounter                 ********   *** removed from Debug\stm8s_tim1.o ***
_TIM1_SetIC1Prescaler            ********   *** removed from Debug\stm8s_tim1.o ***
_TIM1_SetIC2Prescaler            ********   *** removed from Debug\stm8s_tim1.o ***
_TIM1_SetIC3Prescaler            ********   *** removed from Debug\stm8s_tim1.o ***
_TIM1_SetIC4Prescaler            ********   *** removed from Debug\stm8s_tim1.o ***
_TIM1_TIxExternalClockConfig     ********   *** removed from Debug\stm8s_tim1.o ***
_TIM1_TimeBaseInit               ********   *** removed from Debug\stm8s_tim1.o ***
_TIM1_UpdateDisableConfig        ********   *** removed from Debug\stm8s_tim1.o ***
_TIM1_UpdateRequestConfig        ********   *** removed from Debug\stm8s_tim1.o ***
_TIM2_ARRPreloadConfig           ********   *** removed from Debug\stm8s_tim2.o ***
_TIM2_CCxCmd                     ********   *** removed from Debug\stm8s_tim2.o ***
_TIM2_ClearFlag                  ********   *** removed from Debug\stm8s_tim2.o ***
_TIM2_ClearITPendingBit          ********   *** removed from Debug\stm8s_tim2.o ***
_TIM2_Cmd                        ********   *** removed from Debug\stm8s_tim2.o ***
_TIM2_DeInit                     ********   *** removed from Debug\stm8s_tim2.o ***
_TIM2_ForcedOC1Config            ********   *** removed from Debug\stm8s_tim2.o ***
_TIM2_ForcedOC2Config            ********   *** removed from Debug\stm8s_tim2.o ***
_TIM2_ForcedOC3Config            ********   *** removed from Debug\stm8s_tim2.o ***
_TIM2_GenerateEvent              ********   *** removed from Debug\stm8s_tim2.o ***
_TIM2_GetCapture1                ********   *** removed from Debug\stm8s_tim2.o ***
_TIM2_GetCapture2                ********   *** removed from Debug\stm8s_tim2.o ***
_TIM2_GetCapture3                ********   *** removed from Debug\stm8s_tim2.o ***
_TIM2_GetCounter                 ********   *** removed from Debug\stm8s_tim2.o ***
_TIM2_GetFlagStatus              ********   *** removed from Debug\stm8s_tim2.o ***
_TIM2_GetITStatus                ********   *** removed from Debug\stm8s_tim2.o ***
_TIM2_GetPrescaler               ********   *** removed from Debug\stm8s_tim2.o ***
_TIM2_ICInit                     ********   *** removed from Debug\stm8s_tim2.o ***
_TIM2_ITConfig                   ********   *** removed from Debug\stm8s_tim2.o ***
_TIM2_OC1Init                    ********   *** removed from Debug\stm8s_tim2.o ***
_TIM2_OC1PolarityConfig          ********   *** removed from Debug\stm8s_tim2.o ***
_TIM2_OC1PreloadConfig           ********   *** removed from Debug\stm8s_tim2.o ***
_TIM2_OC2Init                    ********   *** removed from Debug\stm8s_tim2.o ***
_TIM2_OC2PolarityConfig          ********   *** removed from Debug\stm8s_tim2.o ***
_TIM2_OC2PreloadConfig           ********   *** removed from Debug\stm8s_tim2.o ***
_TIM2_OC3Init                    ********   *** removed from Debug\stm8s_tim2.o ***
_TIM2_OC3PolarityConfig          ********   *** removed from Debug\stm8s_tim2.o ***
_TIM2_OC3PreloadConfig           ********   *** removed from Debug\stm8s_tim2.o ***
_TIM2_PWMIConfig                 ********   *** removed from Debug\stm8s_tim2.o ***
_TIM2_PrescalerConfig            ********   *** removed from Debug\stm8s_tim2.o ***
_TIM2_SelectOCxM                 ********   *** removed from Debug\stm8s_tim2.o ***
_TIM2_SelectOnePulseMode         ********   *** removed from Debug\stm8s_tim2.o ***
_TIM2_SetAutoreload              ********   *** removed from Debug\stm8s_tim2.o ***
_TIM2_SetCompare1                ********   *** removed from Debug\stm8s_tim2.o ***
_TIM2_SetCompare2                ********   *** removed from Debug\stm8s_tim2.o ***
_TIM2_SetCompare3                ********   *** removed from Debug\stm8s_tim2.o ***
_TIM2_SetCounter                 ********   *** removed from Debug\stm8s_tim2.o ***
_TIM2_SetIC1Prescaler            ********   *** removed from Debug\stm8s_tim2.o ***
_TIM2_SetIC2Prescaler            ********   *** removed from Debug\stm8s_tim2.o ***
_TIM2_SetIC3Prescaler            ********   *** removed from Debug\stm8s_tim2.o ***
_TIM2_TimeBaseInit               ********   *** removed from Debug\stm8s_tim2.o ***
_TIM2_UpdateDisableConfig        ********   *** removed from Debug\stm8s_tim2.o ***
_TIM2_UpdateRequestConfig        ********   *** removed from Debug\stm8s_tim2.o ***
_TIM4_ARRPreloadConfig           ********   *** removed from Debug\stm8s_tim4.o ***
_TIM4_ClearFlag                  ********   *** removed from Debug\stm8s_tim4.o ***
_TIM4_ClearITPendingBit          ********   *** removed from Debug\stm8s_tim4.o ***
_TIM4_Cmd                        ********   *** removed from Debug\stm8s_tim4.o ***
_TIM4_DeInit                     ********   *** removed from Debug\stm8s_tim4.o ***
_TIM4_GenerateEvent              ********   *** removed from Debug\stm8s_tim4.o ***
_TIM4_GetCounter                 ********   *** removed from Debug\stm8s_tim4.o ***
_TIM4_GetFlagStatus              ********   *** removed from Debug\stm8s_tim4.o ***
_TIM4_GetITStatus                ********   *** removed from Debug\stm8s_tim4.o ***
_TIM4_GetPrescaler               ********   *** removed from Debug\stm8s_tim4.o ***
_TIM4_ITConfig                   ********   *** removed from Debug\stm8s_tim4.o ***
_TIM4_PrescalerConfig            ********   *** removed from Debug\stm8s_tim4.o ***
_TIM4_SelectOnePulseMode         ********   *** removed from Debug\stm8s_tim4.o ***
_TIM4_SetAutoreload              ********   *** removed from Debug\stm8s_tim4.o ***
_TIM4_SetCounter                 ********   *** removed from Debug\stm8s_tim4.o ***
_TIM4_TimeBaseInit               ********   *** removed from Debug\stm8s_tim4.o ***
_TIM4_UpdateDisableConfig        ********   *** removed from Debug\stm8s_tim4.o ***
_TIM4_UpdateRequestConfig        ********   *** removed from Debug\stm8s_tim4.o ***
_UART1_ClearFlag                 ********   *** removed from Debug\stm8s_uart1.o ***
_UART1_ClearITPendingBit         ********   *** removed from Debug\stm8s_uart1.o ***
_UART1_Cmd                       ********   *** removed from Debug\stm8s_uart1.o ***
_UART1_DeInit                    ********   *** removed from Debug\stm8s_uart1.o ***
_UART1_GetFlagStatus             ********   *** removed from Debug\stm8s_uart1.o ***
_UART1_GetITStatus               ********   *** removed from Debug\stm8s_uart1.o ***
_UART1_HalfDuplexCmd             ********   *** removed from Debug\stm8s_uart1.o ***
_UART1_ITConfig                  ********   *** removed from Debug\stm8s_uart1.o ***
_UART1_Init                      ********   *** removed from Debug\stm8s_uart1.o ***
_UART1_IrDACmd                   ********   *** removed from Debug\stm8s_uart1.o ***
_UART1_IrDAConfig                ********   *** removed from Debug\stm8s_uart1.o ***
_UART1_LINBreakDetectionConfig   ********   *** removed from Debug\stm8s_uart1.o ***
_UART1_LINCmd                    ********   *** removed from Debug\stm8s_uart1.o ***
_UART1_ReceiveData8              ********   *** removed from Debug\stm8s_uart1.o ***
_UART1_ReceiveData9              ********   *** removed from Debug\stm8s_uart1.o ***
_UART1_ReceiverWakeUpCmd         ********   *** removed from Debug\stm8s_uart1.o ***
_UART1_SendBreak                 ********   *** removed from Debug\stm8s_uart1.o ***
_UART1_SendData8                 ********   *** removed from Debug\stm8s_uart1.o ***
_UART1_SendData9                 ********   *** removed from Debug\stm8s_uart1.o ***
_UART1_SetAddress                ********   *** removed from Debug\stm8s_uart1.o ***
_UART1_SetGuardTime              ********   *** removed from Debug\stm8s_uart1.o ***
_UART1_SetPrescaler              ********   *** removed from Debug\stm8s_uart1.o ***
_UART1_SmartCardCmd              ********   *** removed from Debug\stm8s_uart1.o ***
_UART1_SmartCardNACKCmd          ********   *** removed from Debug\stm8s_uart1.o ***
_UART1_WakeUpConfig              ********   *** removed from Debug\stm8s_uart1.o ***
_WWDG_GetCounter                 ********   *** removed from Debug\stm8s_wwdg.o ***
_WWDG_Init                       ********   *** removed from Debug\stm8s_wwdg.o ***
_WWDG_SWReset                    ********   *** removed from Debug\stm8s_wwdg.o ***
_WWDG_SetCounter                 ********   *** removed from Debug\stm8s_wwdg.o ***
_WWDG_SetWindowValue             ********   *** removed from Debug\stm8s_wwdg.o ***
__endmem                         000001ff   defined in command file
                                            *** not used ***
__endzp                          0000002e   defined in command file section .ubsct
                                            used in D:\Programas\CosmicC\CXSTM8\Lib\crtsi0.sm8
__idesc__                        0000808c   defined in linker section .init
                                            used in D:\Programas\CosmicC\CXSTM8\Lib\crtsi0.sm8
__memory                         00000100   defined in command file section .bss
                                            used in D:\Programas\CosmicC\CXSTM8\Lib\crtsi0.sm8
__stack                          000003ff   defined in command file
                                            used in D:\Programas\CosmicC\CXSTM8\Lib\crtsi0.sm8
__startmem                       00000100   defined in command file section .bss
                                            *** not used ***
__stext                          0000808f   defined in D:\Programas\CosmicC\CXSTM8\Lib\crtsi0.sm8 section .text
                                            used in Debug\stm8_interrupt_vector.o
__vectab                         00008000   defined in Debug\stm8_interrupt_vector.o section .const
_exit                            000080dd   defined in D:\Programas\CosmicC\CXSTM8\Lib\crtsi0.sm8 section .text
_gm_Borrar                       000082a3   defined in Debug\gestormodo.o section .text
                                            used in Debug\main.o
_gm_Init                         00008256   defined in Debug\gestormodo.o section .text
                                            used in Debug\main.o
_gm_NotificarCambioDummy         000082b1   defined in Debug\gestormodo.o section .text
                                            used in Debug\main.o
_gm_NuevoModo                    000082b0   defined in Debug\gestormodo.o section .text
                                            used in Debug\main.o
_gm_Registrar                    00008270   defined in Debug\gestormodo.o section .text
                                            used in Debug\main.o
_main                            000080df   defined in Debug\main.o section .text
                                            used in D:\Programas\CosmicC\CXSTM8\Lib\crtsi0.sm8
_testSensor                      00000008   defined in Debug\main.o section .ubsct
_testSensor1                     00000004   defined in Debug\main.o section .ubsct
_testSensor2                     00000000   defined in Debug\main.o section .ubsct
c_cmulx                          ********   *** removed from (D:\Programas\CosmicC\CXSTM8\Lib\libm0.sm8)cmulx.o ***
c_divsl                          0000879c   defined in (D:\Programas\CosmicC\CXSTM8\Lib\libm0.sm8)ldiv.o section .text
                                            *** not used ***
c_divul                          000087b3   defined in (D:\Programas\CosmicC\CXSTM8\Lib\libm0.sm8)ldiv.o section .text
                                            used in (D:\Programas\CosmicC\CXSTM8\Lib\libm0.sm8)ludiv.o
c_imul                           ********   *** removed from (D:\Programas\CosmicC\CXSTM8\Lib\libm0.sm8)imul.o ***
c_ladd                           ********   *** removed from (D:\Programas\CosmicC\CXSTM8\Lib\libm0.sm8)ladd.o ***
c_lcmp                           ********   *** removed from (D:\Programas\CosmicC\CXSTM8\Lib\libm0.sm8)lcmp.o ***
c_lgadd                          ********   *** removed from (D:\Programas\CosmicC\CXSTM8\Lib\libm0.sm8)lgadd.o ***
c_lgneg                          00008887   defined in (D:\Programas\CosmicC\CXSTM8\Lib\libm0.sm8)lgneg.o section .text
                                            used in (D:\Programas\CosmicC\CXSTM8\Lib\libm0.sm8)ldiv.o
c_llsh                           ********   *** removed from (D:\Programas\CosmicC\CXSTM8\Lib\libm0.sm8)llsh.o ***
c_lmul                           ********   *** removed from (D:\Programas\CosmicC\CXSTM8\Lib\libm0.sm8)lmul.o ***
c_lmulc                          ********   *** removed from (D:\Programas\CosmicC\CXSTM8\Lib\libm0.sm8)lmul.o ***
c_lneg                           0000889a   defined in (D:\Programas\CosmicC\CXSTM8\Lib\libm0.sm8)lneg.o section .text
                                            used in (D:\Programas\CosmicC\CXSTM8\Lib\libm0.sm8)ldiv.o
c_lreg                           00000024   defined in (D:\Programas\CosmicC\CXSTM8\Lib\libm0.sm8)lreg.o section .ubsct
                                            used in Debug\stm8s_awu.o
                                                    Debug\stm8s_beep.o
                                                    Debug\stm8s_clk.o
                                                    Debug\stm8s_flash.o
                                                    Debug\stm8s_i2c.o
                                                    Debug\stm8s_uart1.o
                                                    (D:\Programas\CosmicC\CXSTM8\Lib\libm0.sm8)cmulx.o
                                                    (D:\Programas\CosmicC\CXSTM8\Lib\libm0.sm8)ladd.o
                                                    (D:\Programas\CosmicC\CXSTM8\Lib\libm0.sm8)lcmp.o
                                                    (D:\Programas\CosmicC\CXSTM8\Lib\libm0.sm8)lgadd.o
                                                    (D:\Programas\CosmicC\CXSTM8\Lib\libm0.sm8)llsh.o
                                                    (D:\Programas\CosmicC\CXSTM8\Lib\libm0.sm8)lmul.o
                                                    (D:\Programas\CosmicC\CXSTM8\Lib\libm0.sm8)lsub.o
                                                    (D:\Programas\CosmicC\CXSTM8\Lib\libm0.sm8)ltor.o
                                                    (D:\Programas\CosmicC\CXSTM8\Lib\libm0.sm8)ldiv.o
                                                    (D:\Programas\CosmicC\CXSTM8\Lib\libm0.sm8)lneg.o
                                                    (D:\Programas\CosmicC\CXSTM8\Lib\libm0.sm8)rtol.o
                                                    (D:\Programas\CosmicC\CXSTM8\Lib\libm0.sm8)smul.o
                                                    (D:\Programas\CosmicC\CXSTM8\Lib\libm0.sm8)umul.o
c_lsub                           ********   *** removed from (D:\Programas\CosmicC\CXSTM8\Lib\libm0.sm8)lsub.o ***
c_ltor                           00008776   defined in (D:\Programas\CosmicC\CXSTM8\Lib\libm0.sm8)ltor.o section .text
                                            used in Debug\stm8s_awu.o
                                                    Debug\stm8s_beep.o
                                                    Debug\stm8s_clk.o
                                                    Debug\stm8s_flash.o
                                                    Debug\stm8s_i2c.o
                                                    Debug\stm8s_uart1.o
c_ludv                           00008788   defined in (D:\Programas\CosmicC\CXSTM8\Lib\libm0.sm8)ludiv.o section .text
                                            used in Debug\stm8s_awu.o
                                                    Debug\stm8s_beep.o
                                                    Debug\stm8s_clk.o
                                                    Debug\stm8s_i2c.o
                                                    Debug\stm8s_uart1.o
c_rtol                           000088af   defined in (D:\Programas\CosmicC\CXSTM8\Lib\libm0.sm8)rtol.o section .text
                                            used in Debug\stm8s_clk.o
                                                    Debug\stm8s_flash.o
                                                    Debug\stm8s_i2c.o
                                                    Debug\stm8s_uart1.o
c_sdivx                          ********   *** removed from (D:\Programas\CosmicC\CXSTM8\Lib\libm0.sm8)sdivx.o ***
c_smodx                          ********   *** removed from (D:\Programas\CosmicC\CXSTM8\Lib\libm0.sm8)sdivx.o ***
c_smul                           ********   *** removed from (D:\Programas\CosmicC\CXSTM8\Lib\libm0.sm8)smul.o ***
c_umul                           ********   *** removed from (D:\Programas\CosmicC\CXSTM8\Lib\libm0.sm8)umul.o ***
c_x                              00000028   defined in (D:\Programas\CosmicC\CXSTM8\Lib\libm0.sm8)xreg.o section .ubsct
                                            used in D:\Programas\CosmicC\CXSTM8\Lib\crtsi0.sm8
                                                    Debug\stm8s_awu.o
                                                    Debug\stm8s_beep.o
                                                    (D:\Programas\CosmicC\CXSTM8\Lib\libm0.sm8)imul.o
                                                    (D:\Programas\CosmicC\CXSTM8\Lib\libm0.sm8)lmul.o
                                                    (D:\Programas\CosmicC\CXSTM8\Lib\libm0.sm8)ldiv.o
                                                    (D:\Programas\CosmicC\CXSTM8\Lib\libm0.sm8)sdivx.o
                                                    (D:\Programas\CosmicC\CXSTM8\Lib\libm0.sm8)umul.o
                                                    (D:\Programas\CosmicC\CXSTM8\Lib\libm0.sm8)xymov.o
c_xymov                          000088c1   defined in (D:\Programas\CosmicC\CXSTM8\Lib\libm0.sm8)xymov.o section .text
                                            used in Debug\gestormodo.o
c_y                              0000002b   defined in (D:\Programas\CosmicC\CXSTM8\Lib\libm0.sm8)yreg.o section .ubsct
                                            used in D:\Programas\CosmicC\CXSTM8\Lib\crtsi0.sm8
                                                    (D:\Programas\CosmicC\CXSTM8\Lib\libm0.sm8)umul.o
f_NonHandledInterrupt            00008900   defined in Debug\stm8_interrupt_vector.o section .text
