
Map of Debug\maceta.sm8 from link file Debug\maceta.lkf - Sat Jun 19 17:22:34 2021


                               --------
                               Segments
                               --------

start 00008080 end 0000808c length    12 segment .const
start 00008098 end 00008c02 length  2922 segment .text
start 00004000 end 00004000 length     0 segment .eeprom
start 00000000 end 00000004 length     4 segment .bsct, initialized
start 00008094 end 00008098 length     4 segment .bsct, from
start 00000004 end 0000004a length    70 segment .ubsct
start 0000004a end 0000004a length     0 segment .bit
start 0000004a end 0000004a length     0 segment .share
start 00000100 end 00000100 length     0 segment .data
start 00000100 end 00000100 length     0 segment .bss
start 00000000 end 0000106e length  4206 segment .info.
start 00000000 end 000155c8 length 87496 segment .debug
start 00008000 end 00008080 length   128 segment .const
start 0000808c end 00008094 length     8 segment .init


                               -------
                               Modules
                               -------

D:\Programas\CosmicC\CXSTM8\lib\crtsi0.sm8:
start 00008098 end 000080e8 length    80 section .text
start 00000100 end 00000100 length     0 section .bss
start 00000004 end 00000004 length     0 section .ubsct
start 00000000 end 00000034 length    52 section .info.

Debug\sensorth.o:
start 000080e8 end 00008124 length    60 section .text
start 00000000 end 00000b7a length  2938 section .debug
start 00000034 end 000000a2 length   110 section .info.

Debug\maceta.o:
start ******** end ******** length     0 section .text *** removed ***
start 00000b7a end 0000152e length  2484 section .debug
start 000000a2 end 0000010e length   108 section .info.

Debug\cmdleer.o:
start ******** end ******** length     0 section .text *** removed ***
start 0000152e end 00001d93 length  2149 section .debug
start 0000010e end 0000017b length   109 section .info.

Debug\isensorcmd.o:
start ******** end ******** length     0 section .text *** removed ***
start 00001d93 end 00001f92 length   511 section .debug
start 0000017b end 000001eb length   112 section .info.

Debug\main.o:
start 00008124 end 000081cf length   171 section .text
start 00000004 end 00000040 length    60 section .ubsct
start 00001f92 end 00002c6b length  3289 section .debug
start 000001eb end 00000255 length   106 section .info.

Debug\clock.o:
start 000081cf end 00008248 length   121 section .text
start 00002c6b end 00003412 length  1959 section .debug
start 00000255 end 000002c0 length   107 section .info.

Debug\dht11.o:
start 00008248 end 000084da length   658 section .text
start 00003412 end 00003d6b length  2393 section .debug
start 000002c0 end 0000032b length   107 section .info.

Debug\gestormodo.o:
start 000084da end 000085c2 length   232 section .text
start 00000000 end 00000004 length     4 section .bsct
start 00003d6b end 00004361 length  1526 section .debug
start 0000032b end 0000039b length   112 section .info.

Debug\gpio.o:
start 000085c2 end 0000861c length    90 section .text
start 00004361 end 00004933 length  1490 section .debug
start 0000039b end 00000405 length   106 section .info.

Debug\isensor.o:
start 0000861c end 00008641 length    37 section .text
start 00004933 end 00004db3 length  1152 section .debug
start 00000405 end 00000472 length   109 section .info.

Debug\stm8s_adc1.o:
start ******** end ******** length     0 section .text *** removed ***
start 00004db3 end 000063a4 length  5617 section .debug
start 00000472 end 000004e2 length   112 section .info.

Debug\stm8s_awu.o:
start ******** end ******** length     0 section .text *** removed ***
start 000063a4 end 00006963 length  1471 section .debug
start 000004e2 end 00000551 length   111 section .info.
start ******** end ******** length     0 section .const *** removed ***

Debug\stm8s_beep.o:
start ******** end ******** length     0 section .text *** removed ***
start 00006963 end 00006c3e length   731 section .debug
start 00000551 end 000005c1 length   112 section .info.
start ******** end ******** length     0 section .const *** removed ***

Debug\stm8s_clk.o:
start 00008641 end 000089c5 length   900 section .text
start 00006c3e end 000082ad length  5743 section .debug
start 000005c1 end 00000630 length   111 section .info.
start 00008080 end 0000808c length    12 section .const

Debug\stm8s_exti.o:
start ******** end ******** length     0 section .text *** removed ***
start 000082ad end 0000873c length  1167 section .debug
start 00000630 end 000006a0 length   112 section .info.

Debug\stm8s_flash.o:
start ******** end ******** length     0 section .text *** removed ***
start 0000873c end 0000951b length  3551 section .debug
start 000006a0 end 00000711 length   113 section .info.

Debug\stm8s_gpio.o:
start 000089c5 end 00008a77 length   178 section .text
start 0000951b end 00009f25 length  2570 section .debug
start 00000711 end 00000781 length   112 section .info.

Debug\stm8s_i2c.o:
start ******** end ******** length     0 section .text *** removed ***
start 00009f25 end 0000b4c6 length  5537 section .debug
start 00000781 end 000007f0 length   111 section .info.
start ******** end ******** length     0 section .const *** removed ***

Debug\stm8s_itc.o:
start ******** end ******** length     0 section .text *** removed ***
start 0000b4c6 end 0000bac9 length  1539 section .debug
start 000007f0 end 0000085f length   111 section .info.
start ******** end ******** length     0 section .const *** removed ***

Debug\stm8s_iwdg.o:
start ******** end ******** length     0 section .text *** removed ***
start 0000bac9 end 0000be6b length   930 section .debug
start 0000085f end 000008cf length   112 section .info.

Debug\stm8s_rst.o:
start ******** end ******** length     0 section .text *** removed ***
start 0000be6b end 0000c09a length   559 section .debug
start 000008cf end 0000093e length   111 section .info.

Debug\stm8s_spi.o:
start ******** end ******** length     0 section .text *** removed ***
start 0000c09a end 0000cfd6 length  3900 section .debug
start 0000093e end 000009ad length   111 section .info.

Debug\stm8s_tim1.o:
start ******** end ******** length     0 section .text *** removed ***
start 0000cfd6 end 00010f60 length 16266 section .debug
start 000009ad end 00000a1d length   112 section .info.

Debug\stm8s_tim2.o:
start ******** end ******** length     0 section .text *** removed ***
start 00010f60 end 00013274 length  8980 section .debug
start 00000a1d end 00000a8d length   112 section .info.

Debug\stm8s_tim4.o:
start ******** end ******** length     0 section .text *** removed ***
start 00013274 end 00013e2b length  2999 section .debug
start 00000a8d end 00000afd length   112 section .info.

Debug\stm8s_uart1.o:
start ******** end ******** length     0 section .text *** removed ***
start 00013e2b end 00015217 length  5100 section .debug
start 00000afd end 00000b6e length   113 section .info.
start ******** end ******** length     0 section .const *** removed ***

Debug\stm8s_wwdg.o:
start ******** end ******** length     0 section .text *** removed ***
start 00015217 end 0001545d length   582 section .debug
start 00000b6e end 00000bde length   112 section .info.

(D:\Programas\CosmicC\CXSTM8\lib\libm0.sm8)cmulx.o:
start ******** end ******** length     0 section .text *** removed ***
start 00000bde end 00000c0e length    48 section .info.

(D:\Programas\CosmicC\CXSTM8\lib\libm0.sm8)imul.o:
start ******** end ******** length     0 section .text *** removed ***
start 00000c0e end 00000c3d length    47 section .info.

(D:\Programas\CosmicC\CXSTM8\lib\libm0.sm8)ladd.o:
start ******** end ******** length     0 section .text *** removed ***
start 00000c3d end 00000c6c length    47 section .info.

(D:\Programas\CosmicC\CXSTM8\lib\libm0.sm8)lcmp.o:
start ******** end ******** length     0 section .text *** removed ***
start 00000c6c end 00000c9b length    47 section .info.

(D:\Programas\CosmicC\CXSTM8\lib\libm0.sm8)lgadd.o:
start ******** end ******** length     0 section .text *** removed ***
start 00000c9b end 00000ccb length    48 section .info.

(D:\Programas\CosmicC\CXSTM8\lib\libm0.sm8)llsh.o:
start ******** end ******** length     0 section .text *** removed ***
start 00000ccb end 00000cfa length    47 section .info.

(D:\Programas\CosmicC\CXSTM8\lib\libm0.sm8)lmul.o:
start ******** end ******** length     0 section .text *** removed ***
start 00000cfa end 00000d29 length    47 section .info.

(D:\Programas\CosmicC\CXSTM8\lib\libm0.sm8)lreg.o:
start 00000040 end 00000044 length     4 section .ubsct
start 00000d29 end 00000d58 length    47 section .info.

(D:\Programas\CosmicC\CXSTM8\lib\libm0.sm8)lsub.o:
start ******** end ******** length     0 section .text *** removed ***
start 00000d58 end 00000d87 length    47 section .info.

(D:\Programas\CosmicC\CXSTM8\lib\libm0.sm8)ltor.o:
start 00008a77 end 00008a89 length    18 section .text
start 00000d87 end 00000db6 length    47 section .info.

(D:\Programas\CosmicC\CXSTM8\lib\libm0.sm8)ludiv.o:
start 00008a89 end 00008a9d length    20 section .text
start 00000db6 end 00000de6 length    48 section .info.

(D:\Programas\CosmicC\CXSTM8\lib\libm0.sm8)ldiv.o:
start 00008a9d end 00008b88 length   235 section .text
start 00000de6 end 00000e15 length    47 section .info.

(D:\Programas\CosmicC\CXSTM8\lib\libm0.sm8)lgneg.o:
start 00008b88 end 00008b9b length    19 section .text
start 00000e15 end 00000e45 length    48 section .info.

(D:\Programas\CosmicC\CXSTM8\lib\libm0.sm8)lneg.o:
start 00008b9b end 00008bb0 length    21 section .text
start 00000e45 end 00000e74 length    47 section .info.

(D:\Programas\CosmicC\CXSTM8\lib\libm0.sm8)rtol.o:
start 00008bb0 end 00008bc2 length    18 section .text
start 00000e74 end 00000ea3 length    47 section .info.

(D:\Programas\CosmicC\CXSTM8\lib\libm0.sm8)sdivx.o:
start ******** end ******** length     0 section .text *** removed ***
start 00000ea3 end 00000ed3 length    48 section .info.

(D:\Programas\CosmicC\CXSTM8\lib\libm0.sm8)smul.o:
start ******** end ******** length     0 section .text *** removed ***
start 00000ed3 end 00000f02 length    47 section .info.

(D:\Programas\CosmicC\CXSTM8\lib\libm0.sm8)umul.o:
start ******** end ******** length     0 section .text *** removed ***
start 00000f02 end 00000f31 length    47 section .info.

(D:\Programas\CosmicC\CXSTM8\lib\libm0.sm8)xreg.o:
start 00000044 end 00000047 length     3 section .ubsct
start 00000f31 end 00000f60 length    47 section .info.

(D:\Programas\CosmicC\CXSTM8\lib\libm0.sm8)xymov.o:
start 00008bc2 end 00008c01 length    63 section .text
start 00000f60 end 00000f90 length    48 section .info.

(D:\Programas\CosmicC\CXSTM8\lib\libm0.sm8)yreg.o:
start 00000047 end 0000004a length     3 section .ubsct
start 00000f90 end 00000fbf length    47 section .info.

Debug\stm8_interrupt_vector.o:
start 00008c01 end 00008c02 length     1 section .text
start 0001545d end 000155c8 length   363 section .debug
start 00000fbf end 0000103a length   123 section .info.
start 00008000 end 00008080 length   128 section .const


                             -----------
                             Stack usage
                             -----------

Debug\clock.o:
_Clock_HSI_Init                     14   (4)
_DisableAllPeripherals               6   (2)
_EnableClockMirror              >   13   (5)

Debug\dht11.o:
_DHT11_Init                     >    2   (2)
_dht11_Lectura                      21   (13)
_dht11_ModoCambiado                  2   (2)

Debug\gestormodo.o:
_gm_Borrar                          11   (7)
_gm_Init                            11   (7)
_gm_NotificarCambioDummy        >    2   (2)
_gm_NuevoModo                       58   (7) *** Recursive *** *** pointer() ***
_gm_Registrar                       51   (7) *** Recursive *** *** pointer() ***

Debug\gpio.o:
_InputInt_Init                  >    8   (2)
_Input_FL_Init                  >    8   (2)
_Input_Init                          8   (2)
_IsActive                            7   (2)
_Output10mhz_Init                    8   (2)
_Output2mhz_Init                     8   (2)
_Output_0                            7   (2)
_Output_1                            7   (2)

Debug\isensor.o:
_iSd_Init                           44   (9) *** Recursive *** *** pointer() ***

Debug\main.o:
_main                           >   62   (4) *** Recursive *** *** pointer() ***

Debug\sensorth.o:
_SensorTH_Calibrar              >    2   (2)
_SensorTH_Init                      66   (8) *** Recursive *** *** pointer() ***
_SensorTH_Medicion              >   48   (4) *** Recursive *** *** pointer() ***

Debug\stm8_interrupt_vector.o:
f_NonHandledInterrupt           >    6   (6)

Debug\stm8s_clk.o:
_CLK_AdjustHSICalibrationValue  >    3   (3)
_CLK_CCOCmd                          2   (2)
_CLK_CCOConfig                       3   (3)
_CLK_ClearITPendingBit          >    2   (2)
_CLK_ClockSecuritySystemEnable  >    2   (2)
_CLK_ClockSwitchCmd                  2   (2)
_CLK_ClockSwitchConfig              10   (10)
_CLK_DeInit                          2   (2)
_CLK_FastHaltWakeUpCmd          >    2   (2)
_CLK_GetClockFreq               >   25   (11)
_CLK_GetFlagStatus                   7   (7)
_CLK_GetITStatus                >    4   (4)
_CLK_GetSYSCLKSource            >    2   (2)
_CLK_HSECmd                          2   (2)
_CLK_HSICmd                          2   (2)
_CLK_HSIPrescalerConfig              3   (3)
_CLK_ITConfig                   >    4   (4)
_CLK_LSICmd                          2   (2)
_CLK_PeripheralClockConfig           4   (4)
_CLK_SWIMConfig                 >    2   (2)
_CLK_SYSCLKConfig                    3   (3)
_CLK_SYSCLKEmergencyClear       >    2   (2)
_CLK_SlowActiveHaltWakeUpCmd    >    2   (2)

Debug\stm8s_gpio.o:
_GPIO_DeInit                         2   (2)
_GPIO_ExternalPullUpConfig      >    6   (6)
_GPIO_Init                           6   (6)
_GPIO_ReadInputData             >    2   (2)
_GPIO_ReadInputPin                   5   (5)
_GPIO_ReadOutputData            >    2   (2)
_GPIO_Write                     >    5   (5)
_GPIO_WriteHigh                      5   (5)
_GPIO_WriteLow                       5   (5)
_GPIO_WriteReverse              >    5   (5)

Stack size: 68


                              ---------
                              Call tree
                              ---------
   1 > _CLK_AdjustHSICalibrationValue: (3)

   2 > _CLK_ClearITPendingBit: (2)

   3 > _CLK_ClockSecuritySystemEnable: (2)

   4 > _CLK_FastHaltWakeUpCmd: (2)

   5 > _CLK_GetClockFreq: (11)

   6 > _CLK_GetITStatus: (4)

   7 > _CLK_GetSYSCLKSource: (2)

   8 > _CLK_ITConfig: (4)

   9 > _CLK_SWIMConfig: (2)

  10 > _CLK_SYSCLKEmergencyClear: (2)

  11 > _CLK_SlowActiveHaltWakeUpCmd: (2)

  12 > _DHT11_Init: (2)

  13 > _EnableClockMirror: (5)
  14      + _CLK_CCOCmd: (2)
  15      + _CLK_CCOConfig: (3)
  16      + _Output10mhz_Init: (2)
  17      |    + _GPIO_Init: (6)
          | 
       
  18 > _GPIO_ExternalPullUpConfig: (6)

  19 > _GPIO_ReadInputData: (2)

  20 > _GPIO_ReadOutputData: (2)

  21 > _GPIO_Write: (5)

  22 > _GPIO_WriteReverse: (5)

  23 > _InputInt_Init: (2)
  24      + _GPIO_Init --> 17
       
  25 > _Input_FL_Init: (2)
  26      + _GPIO_Init --> 17
       
  27 > _SensorTH_Calibrar: (2)

  28 > _SensorTH_Medicion: (4)
  29      + (_dht11_Lectura) ...
  30      + (_dht11_ModoCambiado) ...
  31      + (_gm_Borrar) ...
  32      + (_gm_Init) ...
  33      + (_gm_NuevoModo) ...
  34      + (_gm_Registrar) ...
  35      + (_iSd_Init) ...
       
  36 > __stext: (0)

  37 > _gm_NotificarCambioDummy: (2)

  38 > _main: (4)
  39      + _Clock_HSI_Init: (4)
  40      |    + _CLK_ClockSwitchCmd: (2)
  41      |    + _CLK_ClockSwitchConfig: (10)
  42      |    + _CLK_DeInit: (2)
  43      |    + _CLK_GetFlagStatus: (7)
  44      |    + _CLK_HSECmd: (2)
  45      |    + _CLK_HSICmd: (2)
  46      |    + _CLK_HSIPrescalerConfig: (3)
  47      |    + _CLK_LSICmd: (2)
  48      |    + _CLK_SYSCLKConfig: (3)
  49      |    + _DisableAllPeripherals: (2)
  50      |    |    + _CLK_PeripheralClockConfig: (4)
          |    | 
          | 
  51      + _GPIO_DeInit: (2)
  52      + _Output2mhz_Init: (2)
  53      |    + _GPIO_Init --> 17
          | 
  54      + _Output_1: (2)
  55      |    + _GPIO_WriteHigh: (5)
          | 
  56      + _SensorTH_Init: (8)
  57      |    + (_dht11_Lectura) ...
  58      |    + (_dht11_ModoCambiado) ...
  59      |    + (_gm_Borrar) ...
  60      |    + (_gm_Init) ...
  61      |    + (_gm_NuevoModo) ...
  62      |    + (_gm_Registrar) ...
  63      |    + (_iSd_Init) ...
          | 
  64      + (_dht11_Lectura) ...
  65      + (_dht11_ModoCambiado) ...
  66      + (_gm_Borrar) ...
  67      + (_gm_Init) ...
  68      + (_gm_NuevoModo) ...
  69      + (_gm_Registrar) ...
  70      + (_iSd_Init) ...
       
  71 > f_NonHandledInterrupt: (6)

  72   _CLK_CCOCmd --> 14

  73   _CLK_CCOConfig --> 15

  74   _CLK_ClockSwitchCmd --> 40

  75   _CLK_ClockSwitchConfig --> 41

  76   _CLK_DeInit --> 42

  77   _CLK_GetFlagStatus --> 43

  78   _CLK_HSECmd --> 44

  79   _CLK_HSICmd --> 45

  80   _CLK_HSIPrescalerConfig --> 46

  81   _CLK_LSICmd --> 47

  82   _CLK_PeripheralClockConfig --> 50

  83   _CLK_SYSCLKConfig --> 48

  84   _Clock_HSI_Init --> 39

  85   _DisableAllPeripherals --> 49

  86   _GPIO_DeInit --> 51

  87   _GPIO_Init --> 17

  88   _GPIO_ReadInputPin: (5)

  89   _GPIO_WriteHigh --> 55

  90   _GPIO_WriteLow: (5)

  91   _Input_Init: (2)
  92      + _GPIO_Init --> 17
       
  93   _IsActive: (2)
  94      + _GPIO_ReadInputPin --> 88
       
  95   _Output10mhz_Init --> 16

  96   _Output2mhz_Init --> 52

  97   _Output_0: (2)
  98      + _GPIO_WriteLow --> 90
       
  99   _Output_1 --> 54

 100   _SensorTH_Init --> 56

 101   _dht11_Lectura: (13)
 102      + _Input_Init --> 91
 103      + _IsActive --> 93
 104      + _Output2mhz_Init --> 52
 105      + _Output_0 --> 97
 106      + _Output_1 --> 54
       
 107   _dht11_ModoCambiado: (2)

 108   _gm_Borrar: (7)

 109   _gm_Init: (7)

 110   _gm_NuevoModo: (7)
 111      + (_dht11_Lectura) --> 101
 112      + (_dht11_ModoCambiado) --> 107
 113      + (_gm_Borrar) --> 108
 114      + (_gm_Init) --> 109
 115      + (_gm_NuevoModo) --> 110
 116      + (_gm_Registrar) ...
 117      + (_iSd_Init) ...
       
 118   _gm_Registrar: (7)
 119      + (_dht11_Lectura) --> 101
 120      + (_dht11_ModoCambiado) --> 107
 121      + (_gm_Borrar) --> 108
 122      + (_gm_Init) --> 109
 123      + (_gm_NuevoModo) --> 110
 124      + (_gm_Registrar) --> 118
 125      + (_iSd_Init) ...
       
 126   _iSd_Init: (9)
 127      + (_dht11_Lectura) --> 101
 128      + (_dht11_ModoCambiado) --> 107
 129      + (_gm_Borrar) --> 108
 130      + (_gm_Init) --> 109
 131      + (_gm_NuevoModo) --> 110
 132      + (_gm_Registrar) --> 118
 133      + (_iSd_Init) --> 126
       


                               -------
                               Symbols
                               -------

_ADC1_AWDChannelConfig           ********   *** removed from Debug\stm8s_adc1.o ***
_ADC1_ClearFlag                  ********   *** removed from Debug\stm8s_adc1.o ***
_ADC1_ClearITPendingBit          ********   *** removed from Debug\stm8s_adc1.o ***
_ADC1_Cmd                        ********   *** removed from Debug\stm8s_adc1.o ***
_ADC1_ConversionConfig           ********   *** removed from Debug\stm8s_adc1.o ***
_ADC1_DataBufferCmd              ********   *** removed from Debug\stm8s_adc1.o ***
_ADC1_DeInit                     ********   *** removed from Debug\stm8s_adc1.o ***
_ADC1_ExternalTriggerConfig      ********   *** removed from Debug\stm8s_adc1.o ***
_ADC1_GetAWDChannelStatus        ********   *** removed from Debug\stm8s_adc1.o ***
_ADC1_GetBufferValue             ********   *** removed from Debug\stm8s_adc1.o ***
_ADC1_GetConversionValue         ********   *** removed from Debug\stm8s_adc1.o ***
_ADC1_GetFlagStatus              ********   *** removed from Debug\stm8s_adc1.o ***
_ADC1_GetITStatus                ********   *** removed from Debug\stm8s_adc1.o ***
_ADC1_ITConfig                   ********   *** removed from Debug\stm8s_adc1.o ***
_ADC1_Init                       ********   *** removed from Debug\stm8s_adc1.o ***
_ADC1_PrescalerConfig            ********   *** removed from Debug\stm8s_adc1.o ***
_ADC1_ScanModeCmd                ********   *** removed from Debug\stm8s_adc1.o ***
_ADC1_SchmittTriggerConfig       ********   *** removed from Debug\stm8s_adc1.o ***
_ADC1_SetHighThreshold           ********   *** removed from Debug\stm8s_adc1.o ***
_ADC1_SetLowThreshold            ********   *** removed from Debug\stm8s_adc1.o ***
_ADC1_StartConversion            ********   *** removed from Debug\stm8s_adc1.o ***
_APR_Array                       ********   *** removed from Debug\stm8s_awu.o ***
_AWU_Cmd                         ********   *** removed from Debug\stm8s_awu.o ***
_AWU_DeInit                      ********   *** removed from Debug\stm8s_awu.o ***
_AWU_GetFlagStatus               ********   *** removed from Debug\stm8s_awu.o ***
_AWU_IdleModeEnable              ********   *** removed from Debug\stm8s_awu.o ***
_AWU_Init                        ********   *** removed from Debug\stm8s_awu.o ***
_AWU_LSICalibrationConfig        ********   *** removed from Debug\stm8s_awu.o ***
_BEEP_Cmd                        ********   *** removed from Debug\stm8s_beep.o ***
_BEEP_DeInit                     ********   *** removed from Debug\stm8s_beep.o ***
_BEEP_Init                       ********   *** removed from Debug\stm8s_beep.o ***
_BEEP_LSICalibrationConfig       ********   *** removed from Debug\stm8s_beep.o ***
_CLKPrescTable                   00008084   defined in Debug\stm8s_clk.o section .const
_CLK_AdjustHSICalibrationValue   0000891b   defined in Debug\stm8s_clk.o section .text
_CLK_CCOCmd                      000086b1   defined in Debug\stm8s_clk.o section .text
                                            used in Debug\clock.o
_CLK_CCOConfig                   00008814   defined in Debug\stm8s_clk.o section .text
                                            used in Debug\clock.o
_CLK_ClearITPendingBit           000089b6   defined in Debug\stm8s_clk.o section .text
_CLK_ClockSecuritySystemEnable   0000889e   defined in Debug\stm8s_clk.o section .text
_CLK_ClockSwitchCmd              000086bf   defined in Debug\stm8s_clk.o section .text
                                            used in Debug\clock.o
_CLK_ClockSwitchConfig           00008747   defined in Debug\stm8s_clk.o section .text
                                            used in Debug\clock.o
_CLK_DeInit                      00008641   defined in Debug\stm8s_clk.o section .text
                                            used in Debug\clock.o
_CLK_FastHaltWakeUpCmd           00008679   defined in Debug\stm8s_clk.o section .text
_CLK_GetClockFreq                000088a7   defined in Debug\stm8s_clk.o section .text
                                            used in Debug\stm8s_uart1.o
_CLK_GetFlagStatus               0000892d   defined in Debug\stm8s_clk.o section .text
                                            used in Debug\clock.o
_CLK_GetITStatus                 0000898a   defined in Debug\stm8s_clk.o section .text
_CLK_GetSYSCLKSource             000088a3   defined in Debug\stm8s_clk.o section .text
_CLK_HSECmd                      00008687   defined in Debug\stm8s_clk.o section .text
                                            used in Debug\clock.o
_CLK_HSICmd                      00008695   defined in Debug\stm8s_clk.o section .text
                                            used in Debug\clock.o
_CLK_HSIPrescalerConfig          00008801   defined in Debug\stm8s_clk.o section .text
                                            used in Debug\clock.o
_CLK_ITConfig                    0000882b   defined in Debug\stm8s_clk.o section .text
_CLK_LSICmd                      000086a3   defined in Debug\stm8s_clk.o section .text
                                            used in Debug\clock.o
_CLK_PeripheralClockConfig       000086db   defined in Debug\stm8s_clk.o section .text
                                            used in Debug\clock.o
_CLK_SWIMConfig                  00008890   defined in Debug\stm8s_clk.o section .text
_CLK_SYSCLKConfig                00008863   defined in Debug\stm8s_clk.o section .text
                                            used in Debug\clock.o
_CLK_SYSCLKEmergencyClear        00008928   defined in Debug\stm8s_clk.o section .text
_CLK_SlowActiveHaltWakeUpCmd     000086cd   defined in Debug\stm8s_clk.o section .text
_Clock_HSI_Init                  000081cf   defined in Debug\clock.o section .text
                                            used in Debug\main.o
_DHT11_Init                      00008248   defined in Debug\dht11.o section .text
_DisableAllPeripherals           00008207   defined in Debug\clock.o section .text
_EXTI_DeInit                     ********   *** removed from Debug\stm8s_exti.o ***
_EXTI_GetExtIntSensitivity       ********   *** removed from Debug\stm8s_exti.o ***
_EXTI_GetTLISensitivity          ********   *** removed from Debug\stm8s_exti.o ***
_EXTI_SetExtIntSensitivity       ********   *** removed from Debug\stm8s_exti.o ***
_EXTI_SetTLISensitivity          ********   *** removed from Debug\stm8s_exti.o ***
_EnableClockMirror               00008236   defined in Debug\clock.o section .text
_FLASH_DeInit                    ********   *** removed from Debug\stm8s_flash.o ***
_FLASH_EraseBlock                ********   *** removed from Debug\stm8s_flash.o ***
_FLASH_EraseByte                 ********   *** removed from Debug\stm8s_flash.o ***
_FLASH_EraseOptionByte           ********   *** removed from Debug\stm8s_flash.o ***
_FLASH_GetBootSize               ********   *** removed from Debug\stm8s_flash.o ***
_FLASH_GetFlagStatus             ********   *** removed from Debug\stm8s_flash.o ***
_FLASH_GetLowPowerMode           ********   *** removed from Debug\stm8s_flash.o ***
_FLASH_GetProgrammingTime        ********   *** removed from Debug\stm8s_flash.o ***
_FLASH_ITConfig                  ********   *** removed from Debug\stm8s_flash.o ***
_FLASH_Lock                      ********   *** removed from Debug\stm8s_flash.o ***
_FLASH_ProgramBlock              ********   *** removed from Debug\stm8s_flash.o ***
_FLASH_ProgramByte               ********   *** removed from Debug\stm8s_flash.o ***
_FLASH_ProgramOptionByte         ********   *** removed from Debug\stm8s_flash.o ***
_FLASH_ProgramWord               ********   *** removed from Debug\stm8s_flash.o ***
_FLASH_ReadByte                  ********   *** removed from Debug\stm8s_flash.o ***
_FLASH_ReadOptionByte            ********   *** removed from Debug\stm8s_flash.o ***
_FLASH_SetLowPowerMode           ********   *** removed from Debug\stm8s_flash.o ***
_FLASH_SetProgrammingTime        ********   *** removed from Debug\stm8s_flash.o ***
_FLASH_Unlock                    ********   *** removed from Debug\stm8s_flash.o ***
_FLASH_WaitForLastOperation      ********   *** removed from Debug\stm8s_flash.o ***
_GPIO_DeInit                     000089c5   defined in Debug\stm8s_gpio.o section .text
                                            used in Debug\main.o
_GPIO_ExternalPullUpConfig       00008a5f   defined in Debug\stm8s_gpio.o section .text
_GPIO_Init                       000089cd   defined in Debug\stm8s_gpio.o section .text
                                            used in Debug\gpio.o
_GPIO_ReadInputData              00008a55   defined in Debug\stm8s_gpio.o section .text
_GPIO_ReadInputPin               00008a58   defined in Debug\stm8s_gpio.o section .text
                                            used in Debug\gpio.o
_GPIO_ReadOutputData             00008a53   defined in Debug\stm8s_gpio.o section .text
_GPIO_Write                      00008a35   defined in Debug\stm8s_gpio.o section .text
_GPIO_WriteHigh                  00008a3d   defined in Debug\stm8s_gpio.o section .text
                                            used in Debug\gpio.o
_GPIO_WriteLow                   00008a44   defined in Debug\stm8s_gpio.o section .text
                                            used in Debug\gpio.o
_GPIO_WriteReverse               00008a4c   defined in Debug\stm8s_gpio.o section .text
_HSIDivFactor                    00008080   defined in Debug\stm8s_clk.o section .const
_I2C_AcknowledgeConfig           ********   *** removed from Debug\stm8s_i2c.o ***
_I2C_CheckEvent                  ********   *** removed from Debug\stm8s_i2c.o ***
_I2C_ClearFlag                   ********   *** removed from Debug\stm8s_i2c.o ***
_I2C_ClearITPendingBit           ********   *** removed from Debug\stm8s_i2c.o ***
_I2C_Cmd                         ********   *** removed from Debug\stm8s_i2c.o ***
_I2C_DeInit                      ********   *** removed from Debug\stm8s_i2c.o ***
_I2C_FastModeDutyCycleConfig     ********   *** removed from Debug\stm8s_i2c.o ***
_I2C_GeneralCallCmd              ********   *** removed from Debug\stm8s_i2c.o ***
_I2C_GenerateSTART               ********   *** removed from Debug\stm8s_i2c.o ***
_I2C_GenerateSTOP                ********   *** removed from Debug\stm8s_i2c.o ***
_I2C_GetFlagStatus               ********   *** removed from Debug\stm8s_i2c.o ***
_I2C_GetITStatus                 ********   *** removed from Debug\stm8s_i2c.o ***
_I2C_GetLastEvent                ********   *** removed from Debug\stm8s_i2c.o ***
_I2C_ITConfig                    ********   *** removed from Debug\stm8s_i2c.o ***
_I2C_Init                        ********   *** removed from Debug\stm8s_i2c.o ***
_I2C_ReceiveData                 ********   *** removed from Debug\stm8s_i2c.o ***
_I2C_Send7bitAddress             ********   *** removed from Debug\stm8s_i2c.o ***
_I2C_SendData                    ********   *** removed from Debug\stm8s_i2c.o ***
_I2C_SoftwareResetCmd            ********   *** removed from Debug\stm8s_i2c.o ***
_I2C_StretchClockCmd             ********   *** removed from Debug\stm8s_i2c.o ***
_ISensorCmd_Init                 ********   *** removed from Debug\isensorcmd.o ***
_ITC_DeInit                      ********   *** removed from Debug\stm8s_itc.o ***
_ITC_GetCPUCC                    ********   *** removed from Debug\stm8s_itc.o ***
_ITC_GetSoftIntStatus            ********   *** removed from Debug\stm8s_itc.o ***
_ITC_GetSoftwarePriority         ********   *** removed from Debug\stm8s_itc.o ***
_ITC_SetSoftwarePriority         ********   *** removed from Debug\stm8s_itc.o ***
_IWDG_Enable                     ********   *** removed from Debug\stm8s_iwdg.o ***
_IWDG_ReloadCounter              ********   *** removed from Debug\stm8s_iwdg.o ***
_IWDG_SetPrescaler               ********   *** removed from Debug\stm8s_iwdg.o ***
_IWDG_SetReload                  ********   *** removed from Debug\stm8s_iwdg.o ***
_IWDG_WriteAccessCmd             ********   *** removed from Debug\stm8s_iwdg.o ***
_InputInt_Init                   000085d8   defined in Debug\gpio.o section .text
_Input_FL_Init                   000085cd   defined in Debug\gpio.o section .text
_Input_Init                      000085c2   defined in Debug\gpio.o section .text
                                            used in Debug\dht11.o
_IsActive                        0000860b   defined in Debug\gpio.o section .text
                                            used in Debug\dht11.o
_Maceta                          00000030   defined in Debug\main.o section .ubsct
_Maceta_Execute                  ********   *** removed from Debug\maceta.o ***
_Maceta_Init                     ********   *** removed from Debug\maceta.o ***
_Maceta_SetCommand               ********   *** removed from Debug\maceta.o ***
_Maceta_SetReceiver              ********   *** removed from Debug\maceta.o ***
_Modo                            00000016   defined in Debug\main.o section .ubsct
_Output10mhz_Init                000085ee   defined in Debug\gpio.o section .text
                                            used in Debug\clock.o
_Output2mhz_Init                 000085e3   defined in Debug\gpio.o section .text
                                            used in Debug\main.o Debug\dht11.o
_Output_0                        000085f9   defined in Debug\gpio.o section .text
                                            used in Debug\dht11.o
_Output_1                        00008602   defined in Debug\gpio.o section .text
                                            used in Debug\main.o Debug\dht11.o
_RST_ClearFlag                   ********   *** removed from Debug\stm8s_rst.o ***
_RST_GetFlagStatus               ********   *** removed from Debug\stm8s_rst.o ***
_SPI_BiDirectionalLineConfig     ********   *** removed from Debug\stm8s_spi.o ***
_SPI_CalculateCRCCmd             ********   *** removed from Debug\stm8s_spi.o ***
_SPI_ClearFlag                   ********   *** removed from Debug\stm8s_spi.o ***
_SPI_ClearITPendingBit           ********   *** removed from Debug\stm8s_spi.o ***
_SPI_Cmd                         ********   *** removed from Debug\stm8s_spi.o ***
_SPI_DeInit                      ********   *** removed from Debug\stm8s_spi.o ***
_SPI_GetCRC                      ********   *** removed from Debug\stm8s_spi.o ***
_SPI_GetCRCPolynomial            ********   *** removed from Debug\stm8s_spi.o ***
_SPI_GetFlagStatus               ********   *** removed from Debug\stm8s_spi.o ***
_SPI_GetITStatus                 ********   *** removed from Debug\stm8s_spi.o ***
_SPI_ITConfig                    ********   *** removed from Debug\stm8s_spi.o ***
_SPI_Init                        ********   *** removed from Debug\stm8s_spi.o ***
_SPI_NSSInternalSoftwareCmd      ********   *** removed from Debug\stm8s_spi.o ***
_SPI_ReceiveData                 ********   *** removed from Debug\stm8s_spi.o ***
_SPI_ResetCRC                    ********   *** removed from Debug\stm8s_spi.o ***
_SPI_SendData                    ********   *** removed from Debug\stm8s_spi.o ***
_SPI_TransmitCRC                 ********   *** removed from Debug\stm8s_spi.o ***
_SensorTH_Calibrar               00008123   defined in Debug\sensorth.o section .text
_SensorTH_Init                   000080e8   defined in Debug\sensorth.o section .text
                                            used in Debug\main.o
_SensorTH_Medicion               00008116   defined in Debug\sensorth.o section .text
_TBR_Array                       ********   *** removed from Debug\stm8s_awu.o ***
_TIM1_ARRPreloadConfig           ********   *** removed from Debug\stm8s_tim1.o ***
_TIM1_BDTRConfig                 ********   *** removed from Debug\stm8s_tim1.o ***
_TIM1_CCPreloadControl           ********   *** removed from Debug\stm8s_tim1.o ***
_TIM1_CCxCmd                     ********   *** removed from Debug\stm8s_tim1.o ***
_TIM1_CCxNCmd                    ********   *** removed from Debug\stm8s_tim1.o ***
_TIM1_ClearFlag                  ********   *** removed from Debug\stm8s_tim1.o ***
_TIM1_ClearITPendingBit          ********   *** removed from Debug\stm8s_tim1.o ***
_TIM1_Cmd                        ********   *** removed from Debug\stm8s_tim1.o ***
_TIM1_CounterModeConfig          ********   *** removed from Debug\stm8s_tim1.o ***
_TIM1_CtrlPWMOutputs             ********   *** removed from Debug\stm8s_tim1.o ***
_TIM1_DeInit                     ********   *** removed from Debug\stm8s_tim1.o ***
_TIM1_ETRClockMode1Config        ********   *** removed from Debug\stm8s_tim1.o ***
_TIM1_ETRClockMode2Config        ********   *** removed from Debug\stm8s_tim1.o ***
_TIM1_ETRConfig                  ********   *** removed from Debug\stm8s_tim1.o ***
_TIM1_EncoderInterfaceConfig     ********   *** removed from Debug\stm8s_tim1.o ***
_TIM1_ForcedOC1Config            ********   *** removed from Debug\stm8s_tim1.o ***
_TIM1_ForcedOC2Config            ********   *** removed from Debug\stm8s_tim1.o ***
_TIM1_ForcedOC3Config            ********   *** removed from Debug\stm8s_tim1.o ***
_TIM1_ForcedOC4Config            ********   *** removed from Debug\stm8s_tim1.o ***
_TIM1_GenerateEvent              ********   *** removed from Debug\stm8s_tim1.o ***
_TIM1_GetCapture1                ********   *** removed from Debug\stm8s_tim1.o ***
_TIM1_GetCapture2                ********   *** removed from Debug\stm8s_tim1.o ***
_TIM1_GetCapture3                ********   *** removed from Debug\stm8s_tim1.o ***
_TIM1_GetCapture4                ********   *** removed from Debug\stm8s_tim1.o ***
_TIM1_GetCounter                 ********   *** removed from Debug\stm8s_tim1.o ***
_TIM1_GetFlagStatus              ********   *** removed from Debug\stm8s_tim1.o ***
_TIM1_GetITStatus                ********   *** removed from Debug\stm8s_tim1.o ***
_TIM1_GetPrescaler               ********   *** removed from Debug\stm8s_tim1.o ***
_TIM1_ICInit                     ********   *** removed from Debug\stm8s_tim1.o ***
_TIM1_ITConfig                   ********   *** removed from Debug\stm8s_tim1.o ***
_TIM1_InternalClockConfig        ********   *** removed from Debug\stm8s_tim1.o ***
_TIM1_OC1FastConfig              ********   *** removed from Debug\stm8s_tim1.o ***
_TIM1_OC1Init                    ********   *** removed from Debug\stm8s_tim1.o ***
_TIM1_OC1NPolarityConfig         ********   *** removed from Debug\stm8s_tim1.o ***
_TIM1_OC1PolarityConfig          ********   *** removed from Debug\stm8s_tim1.o ***
_TIM1_OC1PreloadConfig           ********   *** removed from Debug\stm8s_tim1.o ***
_TIM1_OC2FastConfig              ********   *** removed from Debug\stm8s_tim1.o ***
_TIM1_OC2Init                    ********   *** removed from Debug\stm8s_tim1.o ***
_TIM1_OC2NPolarityConfig         ********   *** removed from Debug\stm8s_tim1.o ***
_TIM1_OC2PolarityConfig          ********   *** removed from Debug\stm8s_tim1.o ***
_TIM1_OC2PreloadConfig           ********   *** removed from Debug\stm8s_tim1.o ***
_TIM1_OC3FastConfig              ********   *** removed from Debug\stm8s_tim1.o ***
_TIM1_OC3Init                    ********   *** removed from Debug\stm8s_tim1.o ***
_TIM1_OC3NPolarityConfig         ********   *** removed from Debug\stm8s_tim1.o ***
_TIM1_OC3PolarityConfig          ********   *** removed from Debug\stm8s_tim1.o ***
_TIM1_OC3PreloadConfig           ********   *** removed from Debug\stm8s_tim1.o ***
_TIM1_OC4FastConfig              ********   *** removed from Debug\stm8s_tim1.o ***
_TIM1_OC4Init                    ********   *** removed from Debug\stm8s_tim1.o ***
_TIM1_OC4PolarityConfig          ********   *** removed from Debug\stm8s_tim1.o ***
_TIM1_OC4PreloadConfig           ********   *** removed from Debug\stm8s_tim1.o ***
_TIM1_PWMIConfig                 ********   *** removed from Debug\stm8s_tim1.o ***
_TIM1_PrescalerConfig            ********   *** removed from Debug\stm8s_tim1.o ***
_TIM1_SelectCOM                  ********   *** removed from Debug\stm8s_tim1.o ***
_TIM1_SelectHallSensor           ********   *** removed from Debug\stm8s_tim1.o ***
_TIM1_SelectInputTrigger         ********   *** removed from Debug\stm8s_tim1.o ***
_TIM1_SelectMasterSlaveMode      ********   *** removed from Debug\stm8s_tim1.o ***
_TIM1_SelectOCxM                 ********   *** removed from Debug\stm8s_tim1.o ***
_TIM1_SelectOnePulseMode         ********   *** removed from Debug\stm8s_tim1.o ***
_TIM1_SelectOutputTrigger        ********   *** removed from Debug\stm8s_tim1.o ***
_TIM1_SelectSlaveMode            ********   *** removed from Debug\stm8s_tim1.o ***
_TIM1_SetAutoreload              ********   *** removed from Debug\stm8s_tim1.o ***
_TIM1_SetCompare1                ********   *** removed from Debug\stm8s_tim1.o ***
_TIM1_SetCompare2                ********   *** removed from Debug\stm8s_tim1.o ***
_TIM1_SetCompare3                ********   *** removed from Debug\stm8s_tim1.o ***
_TIM1_SetCompare4                ********   *** removed from Debug\stm8s_tim1.o ***
_TIM1_SetCounter                 ********   *** removed from Debug\stm8s_tim1.o ***
_TIM1_SetIC1Prescaler            ********   *** removed from Debug\stm8s_tim1.o ***
_TIM1_SetIC2Prescaler            ********   *** removed from Debug\stm8s_tim1.o ***
_TIM1_SetIC3Prescaler            ********   *** removed from Debug\stm8s_tim1.o ***
_TIM1_SetIC4Prescaler            ********   *** removed from Debug\stm8s_tim1.o ***
_TIM1_TIxExternalClockConfig     ********   *** removed from Debug\stm8s_tim1.o ***
_TIM1_TimeBaseInit               ********   *** removed from Debug\stm8s_tim1.o ***
_TIM1_UpdateDisableConfig        ********   *** removed from Debug\stm8s_tim1.o ***
_TIM1_UpdateRequestConfig        ********   *** removed from Debug\stm8s_tim1.o ***
_TIM2_ARRPreloadConfig           ********   *** removed from Debug\stm8s_tim2.o ***
_TIM2_CCxCmd                     ********   *** removed from Debug\stm8s_tim2.o ***
_TIM2_ClearFlag                  ********   *** removed from Debug\stm8s_tim2.o ***
_TIM2_ClearITPendingBit          ********   *** removed from Debug\stm8s_tim2.o ***
_TIM2_Cmd                        ********   *** removed from Debug\stm8s_tim2.o ***
_TIM2_DeInit                     ********   *** removed from Debug\stm8s_tim2.o ***
_TIM2_ForcedOC1Config            ********   *** removed from Debug\stm8s_tim2.o ***
_TIM2_ForcedOC2Config            ********   *** removed from Debug\stm8s_tim2.o ***
_TIM2_ForcedOC3Config            ********   *** removed from Debug\stm8s_tim2.o ***
_TIM2_GenerateEvent              ********   *** removed from Debug\stm8s_tim2.o ***
_TIM2_GetCapture1                ********   *** removed from Debug\stm8s_tim2.o ***
_TIM2_GetCapture2                ********   *** removed from Debug\stm8s_tim2.o ***
_TIM2_GetCapture3                ********   *** removed from Debug\stm8s_tim2.o ***
_TIM2_GetCounter                 ********   *** removed from Debug\stm8s_tim2.o ***
_TIM2_GetFlagStatus              ********   *** removed from Debug\stm8s_tim2.o ***
_TIM2_GetITStatus                ********   *** removed from Debug\stm8s_tim2.o ***
_TIM2_GetPrescaler               ********   *** removed from Debug\stm8s_tim2.o ***
_TIM2_ICInit                     ********   *** removed from Debug\stm8s_tim2.o ***
_TIM2_ITConfig                   ********   *** removed from Debug\stm8s_tim2.o ***
_TIM2_OC1Init                    ********   *** removed from Debug\stm8s_tim2.o ***
_TIM2_OC1PolarityConfig          ********   *** removed from Debug\stm8s_tim2.o ***
_TIM2_OC1PreloadConfig           ********   *** removed from Debug\stm8s_tim2.o ***
_TIM2_OC2Init                    ********   *** removed from Debug\stm8s_tim2.o ***
_TIM2_OC2PolarityConfig          ********   *** removed from Debug\stm8s_tim2.o ***
_TIM2_OC2PreloadConfig           ********   *** removed from Debug\stm8s_tim2.o ***
_TIM2_OC3Init                    ********   *** removed from Debug\stm8s_tim2.o ***
_TIM2_OC3PolarityConfig          ********   *** removed from Debug\stm8s_tim2.o ***
_TIM2_OC3PreloadConfig           ********   *** removed from Debug\stm8s_tim2.o ***
_TIM2_PWMIConfig                 ********   *** removed from Debug\stm8s_tim2.o ***
_TIM2_PrescalerConfig            ********   *** removed from Debug\stm8s_tim2.o ***
_TIM2_SelectOCxM                 ********   *** removed from Debug\stm8s_tim2.o ***
_TIM2_SelectOnePulseMode         ********   *** removed from Debug\stm8s_tim2.o ***
_TIM2_SetAutoreload              ********   *** removed from Debug\stm8s_tim2.o ***
_TIM2_SetCompare1                ********   *** removed from Debug\stm8s_tim2.o ***
_TIM2_SetCompare2                ********   *** removed from Debug\stm8s_tim2.o ***
_TIM2_SetCompare3                ********   *** removed from Debug\stm8s_tim2.o ***
_TIM2_SetCounter                 ********   *** removed from Debug\stm8s_tim2.o ***
_TIM2_SetIC1Prescaler            ********   *** removed from Debug\stm8s_tim2.o ***
_TIM2_SetIC2Prescaler            ********   *** removed from Debug\stm8s_tim2.o ***
_TIM2_SetIC3Prescaler            ********   *** removed from Debug\stm8s_tim2.o ***
_TIM2_TimeBaseInit               ********   *** removed from Debug\stm8s_tim2.o ***
_TIM2_UpdateDisableConfig        ********   *** removed from Debug\stm8s_tim2.o ***
_TIM2_UpdateRequestConfig        ********   *** removed from Debug\stm8s_tim2.o ***
_TIM4_ARRPreloadConfig           ********   *** removed from Debug\stm8s_tim4.o ***
_TIM4_ClearFlag                  ********   *** removed from Debug\stm8s_tim4.o ***
_TIM4_ClearITPendingBit          ********   *** removed from Debug\stm8s_tim4.o ***
_TIM4_Cmd                        ********   *** removed from Debug\stm8s_tim4.o ***
_TIM4_DeInit                     ********   *** removed from Debug\stm8s_tim4.o ***
_TIM4_GenerateEvent              ********   *** removed from Debug\stm8s_tim4.o ***
_TIM4_GetCounter                 ********   *** removed from Debug\stm8s_tim4.o ***
_TIM4_GetFlagStatus              ********   *** removed from Debug\stm8s_tim4.o ***
_TIM4_GetITStatus                ********   *** removed from Debug\stm8s_tim4.o ***
_TIM4_GetPrescaler               ********   *** removed from Debug\stm8s_tim4.o ***
_TIM4_ITConfig                   ********   *** removed from Debug\stm8s_tim4.o ***
_TIM4_PrescalerConfig            ********   *** removed from Debug\stm8s_tim4.o ***
_TIM4_SelectOnePulseMode         ********   *** removed from Debug\stm8s_tim4.o ***
_TIM4_SetAutoreload              ********   *** removed from Debug\stm8s_tim4.o ***
_TIM4_SetCounter                 ********   *** removed from Debug\stm8s_tim4.o ***
_TIM4_TimeBaseInit               ********   *** removed from Debug\stm8s_tim4.o ***
_TIM4_UpdateDisableConfig        ********   *** removed from Debug\stm8s_tim4.o ***
_TIM4_UpdateRequestConfig        ********   *** removed from Debug\stm8s_tim4.o ***
_UART1_ClearFlag                 ********   *** removed from Debug\stm8s_uart1.o ***
_UART1_ClearITPendingBit         ********   *** removed from Debug\stm8s_uart1.o ***
_UART1_Cmd                       ********   *** removed from Debug\stm8s_uart1.o ***
_UART1_DeInit                    ********   *** removed from Debug\stm8s_uart1.o ***
_UART1_GetFlagStatus             ********   *** removed from Debug\stm8s_uart1.o ***
_UART1_GetITStatus               ********   *** removed from Debug\stm8s_uart1.o ***
_UART1_HalfDuplexCmd             ********   *** removed from Debug\stm8s_uart1.o ***
_UART1_ITConfig                  ********   *** removed from Debug\stm8s_uart1.o ***
_UART1_Init                      ********   *** removed from Debug\stm8s_uart1.o ***
_UART1_IrDACmd                   ********   *** removed from Debug\stm8s_uart1.o ***
_UART1_IrDAConfig                ********   *** removed from Debug\stm8s_uart1.o ***
_UART1_LINBreakDetectionConfig   ********   *** removed from Debug\stm8s_uart1.o ***
_UART1_LINCmd                    ********   *** removed from Debug\stm8s_uart1.o ***
_UART1_ReceiveData8              ********   *** removed from Debug\stm8s_uart1.o ***
_UART1_ReceiveData9              ********   *** removed from Debug\stm8s_uart1.o ***
_UART1_ReceiverWakeUpCmd         ********   *** removed from Debug\stm8s_uart1.o ***
_UART1_SendBreak                 ********   *** removed from Debug\stm8s_uart1.o ***
_UART1_SendData8                 ********   *** removed from Debug\stm8s_uart1.o ***
_UART1_SendData9                 ********   *** removed from Debug\stm8s_uart1.o ***
_UART1_SetAddress                ********   *** removed from Debug\stm8s_uart1.o ***
_UART1_SetGuardTime              ********   *** removed from Debug\stm8s_uart1.o ***
_UART1_SetPrescaler              ********   *** removed from Debug\stm8s_uart1.o ***
_UART1_SmartCardCmd              ********   *** removed from Debug\stm8s_uart1.o ***
_UART1_SmartCardNACKCmd          ********   *** removed from Debug\stm8s_uart1.o ***
_UART1_WakeUpConfig              ********   *** removed from Debug\stm8s_uart1.o ***
_WWDG_GetCounter                 ********   *** removed from Debug\stm8s_wwdg.o ***
_WWDG_Init                       ********   *** removed from Debug\stm8s_wwdg.o ***
_WWDG_SWReset                    ********   *** removed from Debug\stm8s_wwdg.o ***
_WWDG_SetCounter                 ********   *** removed from Debug\stm8s_wwdg.o ***
_WWDG_SetWindowValue             ********   *** removed from Debug\stm8s_wwdg.o ***
__endmem                         000001ff   defined in command file
                                            *** not used ***
__endzp                          0000004a   defined in command file section .ubsct
                                            used in D:\Programas\CosmicC\CXSTM8\lib\crtsi0.sm8
__idesc__                        0000808c   defined in linker section .init
                                            used in D:\Programas\CosmicC\CXSTM8\lib\crtsi0.sm8
__memory                         00000100   defined in command file section .bss
                                            used in D:\Programas\CosmicC\CXSTM8\lib\crtsi0.sm8
__stack                          000003ff   defined in command file
                                            used in D:\Programas\CosmicC\CXSTM8\lib\crtsi0.sm8
__startmem                       00000100   defined in command file section .bss
                                            *** not used ***
__stext                          00008098   defined in D:\Programas\CosmicC\CXSTM8\lib\crtsi0.sm8 section .text
                                            used in Debug\stm8_interrupt_vector.o
__vectab                         00008000   defined in Debug\stm8_interrupt_vector.o section .const
_cmdLeerExecute                  ********   *** removed from Debug\cmdleer.o ***
_cmdLeer_Init                    ********   *** removed from Debug\cmdleer.o ***
_cmdSetReceiver                  ********   *** removed from Debug\cmdleer.o ***
_cmd_Leer                        0000003a   defined in Debug\main.o section .ubsct
_dht11_Lectura                   0000824a   defined in Debug\dht11.o section .text
                                            used in Debug\sensorth.o
_dht11_ModoCambiado              00008249   defined in Debug\dht11.o section .text
                                            used in Debug\sensorth.o
_exit                            000080e6   defined in D:\Programas\CosmicC\CXSTM8\lib\crtsi0.sm8 section .text
_gm_Borrar                       00008559   defined in Debug\gestormodo.o section .text
                                            used in Debug\main.o
_gm_CALIBRACION                  00000001   defined in Debug\gestormodo.o section .bsct, initialized
_gm_Init                         000084da   defined in Debug\gestormodo.o section .text
                                            used in Debug\main.o
_gm_MEDICION                     00000000   defined in Debug\gestormodo.o section .bsct, initialized
                                            used in Debug\main.o
_gm_NotificarCambioDummy         000085c1   defined in Debug\gestormodo.o section .text
_gm_NuevoModo                    00008582   defined in Debug\gestormodo.o section .text
                                            used in Debug\main.o
_gm_RESET                        00000003   defined in Debug\gestormodo.o section .bsct, initialized
_gm_Registrar                    0000850e   defined in Debug\gestormodo.o section .text
                                            used in Debug\main.o
_gm_TARAJE                       00000002   defined in Debug\gestormodo.o section .bsct, initialized
_iSd_Init                        0000861c   defined in Debug\isensor.o section .text
                                            used in Debug\sensorth.o
_main                            00008124   defined in Debug\main.o section .text
                                            used in D:\Programas\CosmicC\CXSTM8\lib\crtsi0.sm8
_ptrHaciaSensores                0000002e   defined in Debug\main.o section .ubsct
_sensor1                         00000004   defined in Debug\main.o section .ubsct
c_cmulx                          ********   *** removed from (D:\Programas\CosmicC\CXSTM8\lib\libm0.sm8)cmulx.o ***
c_divsl                          00008a9d   defined in (D:\Programas\CosmicC\CXSTM8\lib\libm0.sm8)ldiv.o section .text
                                            *** not used ***
c_divul                          00008ab4   defined in (D:\Programas\CosmicC\CXSTM8\lib\libm0.sm8)ldiv.o section .text
                                            used in (D:\Programas\CosmicC\CXSTM8\lib\libm0.sm8)ludiv.o
c_imul                           ********   *** removed from (D:\Programas\CosmicC\CXSTM8\lib\libm0.sm8)imul.o ***
c_ladd                           ********   *** removed from (D:\Programas\CosmicC\CXSTM8\lib\libm0.sm8)ladd.o ***
c_lcmp                           ********   *** removed from (D:\Programas\CosmicC\CXSTM8\lib\libm0.sm8)lcmp.o ***
c_lgadd                          ********   *** removed from (D:\Programas\CosmicC\CXSTM8\lib\libm0.sm8)lgadd.o ***
c_lgneg                          00008b88   defined in (D:\Programas\CosmicC\CXSTM8\lib\libm0.sm8)lgneg.o section .text
                                            used in (D:\Programas\CosmicC\CXSTM8\lib\libm0.sm8)ldiv.o
c_llsh                           ********   *** removed from (D:\Programas\CosmicC\CXSTM8\lib\libm0.sm8)llsh.o ***
c_lmul                           ********   *** removed from (D:\Programas\CosmicC\CXSTM8\lib\libm0.sm8)lmul.o ***
c_lmulc                          ********   *** removed from (D:\Programas\CosmicC\CXSTM8\lib\libm0.sm8)lmul.o ***
c_lneg                           00008b9b   defined in (D:\Programas\CosmicC\CXSTM8\lib\libm0.sm8)lneg.o section .text
                                            used in (D:\Programas\CosmicC\CXSTM8\lib\libm0.sm8)ldiv.o
c_lreg                           00000040   defined in (D:\Programas\CosmicC\CXSTM8\lib\libm0.sm8)lreg.o section .ubsct
                                            used in Debug\stm8s_awu.o
                                                    Debug\stm8s_beep.o
                                                    Debug\stm8s_clk.o
                                                    Debug\stm8s_flash.o
                                                    Debug\stm8s_i2c.o
                                                    Debug\stm8s_uart1.o
                                                    (D:\Programas\CosmicC\CXSTM8\lib\libm0.sm8)cmulx.o
                                                    (D:\Programas\CosmicC\CXSTM8\lib\libm0.sm8)ladd.o
                                                    (D:\Programas\CosmicC\CXSTM8\lib\libm0.sm8)lcmp.o
                                                    (D:\Programas\CosmicC\CXSTM8\lib\libm0.sm8)lgadd.o
                                                    (D:\Programas\CosmicC\CXSTM8\lib\libm0.sm8)llsh.o
                                                    (D:\Programas\CosmicC\CXSTM8\lib\libm0.sm8)lmul.o
                                                    (D:\Programas\CosmicC\CXSTM8\lib\libm0.sm8)lsub.o
                                                    (D:\Programas\CosmicC\CXSTM8\lib\libm0.sm8)ltor.o
                                                    (D:\Programas\CosmicC\CXSTM8\lib\libm0.sm8)ldiv.o
                                                    (D:\Programas\CosmicC\CXSTM8\lib\libm0.sm8)lneg.o
                                                    (D:\Programas\CosmicC\CXSTM8\lib\libm0.sm8)rtol.o
                                                    (D:\Programas\CosmicC\CXSTM8\lib\libm0.sm8)smul.o
                                                    (D:\Programas\CosmicC\CXSTM8\lib\libm0.sm8)umul.o
c_lsub                           ********   *** removed from (D:\Programas\CosmicC\CXSTM8\lib\libm0.sm8)lsub.o ***
c_ltor                           00008a77   defined in (D:\Programas\CosmicC\CXSTM8\lib\libm0.sm8)ltor.o section .text
                                            used in Debug\stm8s_awu.o
                                                    Debug\stm8s_beep.o
                                                    Debug\stm8s_clk.o
                                                    Debug\stm8s_flash.o
                                                    Debug\stm8s_i2c.o
                                                    Debug\stm8s_uart1.o
c_ludv                           00008a89   defined in (D:\Programas\CosmicC\CXSTM8\lib\libm0.sm8)ludiv.o section .text
                                            used in Debug\stm8s_awu.o
                                                    Debug\stm8s_beep.o
                                                    Debug\stm8s_clk.o
                                                    Debug\stm8s_i2c.o
                                                    Debug\stm8s_uart1.o
c_rtol                           00008bb0   defined in (D:\Programas\CosmicC\CXSTM8\lib\libm0.sm8)rtol.o section .text
                                            used in Debug\stm8s_clk.o
                                                    Debug\stm8s_flash.o
                                                    Debug\stm8s_i2c.o
                                                    Debug\stm8s_uart1.o
c_sdivx                          ********   *** removed from (D:\Programas\CosmicC\CXSTM8\lib\libm0.sm8)sdivx.o ***
c_smodx                          ********   *** removed from (D:\Programas\CosmicC\CXSTM8\lib\libm0.sm8)sdivx.o ***
c_smul                           ********   *** removed from (D:\Programas\CosmicC\CXSTM8\lib\libm0.sm8)smul.o ***
c_umul                           ********   *** removed from (D:\Programas\CosmicC\CXSTM8\lib\libm0.sm8)umul.o ***
c_x                              00000044   defined in (D:\Programas\CosmicC\CXSTM8\lib\libm0.sm8)xreg.o section .ubsct
                                            used in D:\Programas\CosmicC\CXSTM8\lib\crtsi0.sm8
                                                    Debug\stm8s_awu.o
                                                    Debug\stm8s_beep.o
                                                    (D:\Programas\CosmicC\CXSTM8\lib\libm0.sm8)imul.o
                                                    (D:\Programas\CosmicC\CXSTM8\lib\libm0.sm8)lmul.o
                                                    (D:\Programas\CosmicC\CXSTM8\lib\libm0.sm8)ldiv.o
                                                    (D:\Programas\CosmicC\CXSTM8\lib\libm0.sm8)sdivx.o
                                                    (D:\Programas\CosmicC\CXSTM8\lib\libm0.sm8)umul.o
                                                    (D:\Programas\CosmicC\CXSTM8\lib\libm0.sm8)xymov.o
c_xymov                          00008bc2   defined in (D:\Programas\CosmicC\CXSTM8\lib\libm0.sm8)xymov.o section .text
                                            used in Debug\gestormodo.o
c_y                              00000047   defined in (D:\Programas\CosmicC\CXSTM8\lib\libm0.sm8)yreg.o section .ubsct
                                            used in D:\Programas\CosmicC\CXSTM8\lib\crtsi0.sm8
                                                    (D:\Programas\CosmicC\CXSTM8\lib\libm0.sm8)umul.o
f_NonHandledInterrupt            00008c01   defined in Debug\stm8_interrupt_vector.o section .text
